Archive member included to satisfy reference by file (symbol)

D:\DATA\Electronic\MCU&MPU&DSP\32bit\«ﬂ∫„WCH\CH573_CH571\CH573EVT\EVT\EXAM\SRC\StdPeriphDriver\libISP573.a(ISP573.o)
                              ./StdPeriphDriver/CH57x_pwr.o (FLASH_EEPROM_CMD)
c:/programfiles/mounriver/mounriver_studio/toolchain/risc-v embedded gcc/bin/../lib/gcc/riscv-none-embed/8.2.0/rv32imac/ilp32\libgcc.a(muldf3.o)
                              ./StdPeriphDriver/CH57x_clk.o (__muldf3)
c:/programfiles/mounriver/mounriver_studio/toolchain/risc-v embedded gcc/bin/../lib/gcc/riscv-none-embed/8.2.0/rv32imac/ilp32\libgcc.a(floatsidf.o)
                              ./StdPeriphDriver/CH57x_clk.o (__floatsidf)
c:/programfiles/mounriver/mounriver_studio/toolchain/risc-v embedded gcc/bin/../lib/gcc/riscv-none-embed/8.2.0/rv32imac/ilp32\libgcc.a(mulsf3.o)
                              ./StdPeriphDriver/CH57x_clk.o (__mulsf3)
c:/programfiles/mounriver/mounriver_studio/toolchain/risc-v embedded gcc/bin/../lib/gcc/riscv-none-embed/8.2.0/rv32imac/ilp32\libgcc.a(fixsfsi.o)
                              ./StdPeriphDriver/CH57x_clk.o (__fixsfsi)
c:/programfiles/mounriver/mounriver_studio/toolchain/risc-v embedded gcc/bin/../lib/gcc/riscv-none-embed/8.2.0/rv32imac/ilp32\libgcc.a(floatsisf.o)
                              ./StdPeriphDriver/CH57x_clk.o (__floatsisf)
c:/programfiles/mounriver/mounriver_studio/toolchain/risc-v embedded gcc/bin/../lib/gcc/riscv-none-embed/8.2.0/rv32imac/ilp32\libgcc.a(truncdfsf2.o)
                              ./StdPeriphDriver/CH57x_clk.o (__truncdfsf2)
c:/programfiles/mounriver/mounriver_studio/toolchain/risc-v embedded gcc/bin/../lib/gcc/riscv-none-embed/8.2.0/rv32imac/ilp32\libgcc.a(_clzsi2.o)
                              c:/programfiles/mounriver/mounriver_studio/toolchain/risc-v embedded gcc/bin/../lib/gcc/riscv-none-embed/8.2.0/rv32imac/ilp32\libgcc.a(muldf3.o) (__clzsi2)
c:/programfiles/mounriver/mounriver_studio/toolchain/risc-v embedded gcc/bin/../lib/gcc/riscv-none-embed/8.2.0/rv32imac/ilp32\libgcc.a(_clz.o)
                              c:/programfiles/mounriver/mounriver_studio/toolchain/risc-v embedded gcc/bin/../lib/gcc/riscv-none-embed/8.2.0/rv32imac/ilp32\libgcc.a(_clzsi2.o) (__clz_tab)
c:/programfiles/mounriver/mounriver_studio/toolchain/risc-v embedded gcc/bin/../lib/gcc/riscv-none-embed/8.2.0/../../../../riscv-none-embed/lib/rv32imac/ilp32\libg_nano.a(lib_a-memcpy.o)
                              ./src/Main.o (memcpy)
c:/programfiles/mounriver/mounriver_studio/toolchain/risc-v embedded gcc/bin/../lib/gcc/riscv-none-embed/8.2.0/../../../../riscv-none-embed/lib/rv32imac/ilp32\libg_nano.a(lib_a-printf.o)
                              ./src/Main.o (printf)
c:/programfiles/mounriver/mounriver_studio/toolchain/risc-v embedded gcc/bin/../lib/gcc/riscv-none-embed/8.2.0/../../../../riscv-none-embed/lib/rv32imac/ilp32\libg_nano.a(lib_a-putchar.o)
                              ./src/Main.o (putchar)
c:/programfiles/mounriver/mounriver_studio/toolchain/risc-v embedded gcc/bin/../lib/gcc/riscv-none-embed/8.2.0/../../../../riscv-none-embed/lib/rv32imac/ilp32\libg_nano.a(lib_a-puts.o)
                              ./src/Main.o (puts)
c:/programfiles/mounriver/mounriver_studio/toolchain/risc-v embedded gcc/bin/../lib/gcc/riscv-none-embed/8.2.0/../../../../riscv-none-embed/lib/rv32imac/ilp32\libg_nano.a(lib_a-strlen.o)
                              ./src/Main.o (strlen)
c:/programfiles/mounriver/mounriver_studio/toolchain/risc-v embedded gcc/bin/../lib/gcc/riscv-none-embed/8.2.0/../../../../riscv-none-embed/lib/rv32imac/ilp32\libg_nano.a(lib_a-wbuf.o)
                              c:/programfiles/mounriver/mounriver_studio/toolchain/risc-v embedded gcc/bin/../lib/gcc/riscv-none-embed/8.2.0/../../../../riscv-none-embed/lib/rv32imac/ilp32\libg_nano.a(lib_a-puts.o) (__swbuf_r)
c:/programfiles/mounriver/mounriver_studio/toolchain/risc-v embedded gcc/bin/../lib/gcc/riscv-none-embed/8.2.0/../../../../riscv-none-embed/lib/rv32imac/ilp32\libg_nano.a(lib_a-wsetup.o)
                              c:/programfiles/mounriver/mounriver_studio/toolchain/risc-v embedded gcc/bin/../lib/gcc/riscv-none-embed/8.2.0/../../../../riscv-none-embed/lib/rv32imac/ilp32\libg_nano.a(lib_a-puts.o) (__swsetup_r)
c:/programfiles/mounriver/mounriver_studio/toolchain/risc-v embedded gcc/bin/../lib/gcc/riscv-none-embed/8.2.0/../../../../riscv-none-embed/lib/rv32imac/ilp32\libg_nano.a(lib_a-fflush.o)
                              c:/programfiles/mounriver/mounriver_studio/toolchain/risc-v embedded gcc/bin/../lib/gcc/riscv-none-embed/8.2.0/../../../../riscv-none-embed/lib/rv32imac/ilp32\libg_nano.a(lib_a-wbuf.o) (_fflush_r)
c:/programfiles/mounriver/mounriver_studio/toolchain/risc-v embedded gcc/bin/../lib/gcc/riscv-none-embed/8.2.0/../../../../riscv-none-embed/lib/rv32imac/ilp32\libg_nano.a(lib_a-findfp.o)
[...]
Memory Configuration

Name             Origin             Length             Attributes
FLASH            0x0000000000000000 0x0000000000070000 xr
RAM              0x0000000020003800 0x0000000000004800 xrw
*default*        0x0000000000000000 0xffffffffffffffff

Linker script and memory map

LOAD ./src/Main.o
LOAD ./StdPeriphDriver/CH57x_clk.o
LOAD ./StdPeriphDriver/CH57x_flash.o
LOAD ./StdPeriphDriver/CH57x_gpio.o
LOAD ./StdPeriphDriver/CH57x_pwr.o
LOAD ./StdPeriphDriver/CH57x_sys.o
LOAD ./StdPeriphDriver/CH57x_uart0.o
LOAD ./StdPeriphDriver/CH57x_uart1.o
LOAD ./StdPeriphDriver/CH57x_usbdev.o
LOAD ./Startup/startup_CH573.o
LOAD ./RVMSIS/core_riscv.o
LOAD D:\DATA\Electronic\MCU&MPU&DSP\32bit\«ﬂ∫„WCH\CH573_CH571\CH573EVT\EVT\EXAM\SRC\StdPeriphDriver\libISP573.a
LOAD c:/programfiles/mounriver/mounriver_studio/toolchain/risc-v embedded gcc/bin/../lib/gcc/riscv-none-embed/8.2.0/rv32imac/ilp32\libgcc.a
LOAD c:/programfiles/mounriver/mounriver_studio/toolchain/risc-v embedded gcc/bin/../lib/gcc/riscv-none-embed/8.2.0/../../../../riscv-none-embed/lib/rv32imac/ilp32\libg_nano.a
LOAD c:/programfiles/mounriver/mounriver_studio/toolchain/risc-v embedded gcc/bin/../lib/gcc/riscv-none-embed/8.2.0/../../../../riscv-none-embed/lib/rv32imac/ilp32\libc_nano.a
LOAD c:/programfiles/mounriver/mounriver_studio/toolchain/risc-v embedded gcc/bin/../lib/gcc/riscv-none-embed/8.2.0/rv32imac/ilp32\libgcc.a
START GROUP
LOAD c:/programfiles/mounriver/mounriver_studio/toolchain/risc-v embedded gcc/bin/../lib/gcc/riscv-none-embed/8.2.0/rv32imac/ilp32\libgcc.a
LOAD c:/programfiles/mounriver/mounriver_studio/toolchain/risc-v embedded gcc/bin/../lib/gcc/riscv-none-embed/8.2.0/../../../../riscv-none-embed/lib/rv32imac/ilp32\libc_nano.a
LOAD c:/programfiles/mounriver/mounriver_studio/toolchain/risc-v embedded gcc/bin/../lib/gcc/riscv-none-embed/8.2.0/../../../../riscv-none-embed/lib/rv32imac/ilp32\libnosys.a
END GROUP
START GROUP
LOAD c:/programfiles/mounriver/mounriver_studio/toolchain/risc-v embedded gcc/bin/../lib/gcc/riscv-none-embed/8.2.0/rv32imac/ilp32\libgcc.a
LOAD c:/programfiles/mounriver/mounriver_studio/toolchain/risc-v embedded gcc/bin/../lib/gcc/riscv-none-embed/8.2.0/../../../../riscv-none-embed/lib/rv32imac/ilp32\libc_nano.a
LOAD c:/programfiles/mounriver/mounriver_studio/toolchain/risc-v embedded gcc/bin/../lib/gcc/riscv-none-embed/8.2.0/../../../../riscv-none-embed/lib/rv32imac/ilp32\libnosys.a
END GROUP

.init           0x0000000000000000        0x4
                0x0000000000000000                _sinit = .
                0x0000000000000000                . = ALIGN (0x4)
 *(SORT_NONE(.init))
 .init          0x0000000000000000        0x4 ./Startup/startup_CH573.o
                0x0000000000000000                _start
                0x0000000000000004                . = ALIGN (0x4)
                0x0000000000000004                _einit = .

.highcodelalign
                0x0000000000000004        0x0
                0x0000000000000004                . = ALIGN (0x4)
                0x0000000000000004                PROVIDE (_highcode_lma = .)

.highcode       0x0000000020003800      0x868 load address 0x0000000000000004
                0x0000000020003800                . = ALIGN (0x4)
                0x0000000020003800                PROVIDE (_highcode_vma_start = .)
 *(.vector)
 .vector        0x0000000020003800       0x90 ./Startup/startup_CH573.o
 *(SORT_NONE(.vector_handler))
 .vector_handler
                0x0000000020003890       0x2c ./Startup/startup_CH573.o
                0x0000000020003890                NMI_Handler
                0x0000000020003894                SysTick_Handler
                0x0000000020003896                SW_Handler
                0x0000000020003898                TMR0_IRQHandler
                0x000000002000389a                GPIOA_IRQHandler
                0x000000002000389c                GPIOB_IRQHandler
                0x000000002000389e                SPI0_IRQHandler
                0x00000000200038a0                BB_IRQHandler
                0x00000000200038a2                LLE_IRQHandler
                0x00000000200038a6                TMR1_IRQHandler
                0x00000000200038a8                TMR2_IRQHandler
                0x00000000200038aa                UART0_IRQHandler
                0x00000000200038ac                UART1_IRQHandler
                0x00000000200038ae                RTC_IRQHandler
                0x00000000200038b0                ADC_IRQHandler
                0x00000000200038b2                PWMX_IRQHandler
                0x00000000200038b4                TMR3_IRQHandler
                0x00000000200038b6                UART2_IRQHandler
                0x00000000200038b8                UART3_IRQHandler
                0x00000000200038ba                WDOG_BAT_IRQHandler
 *(.highcode)
 .highcode      0x00000000200038bc      0x214 ./src/Main.o
                0x00000000200038bc                USB_IRQHandler
 .highcode      0x0000000020003ad0      0x1a8 ./StdPeriphDriver/CH57x_sys.o
                0x0000000020003ad0                SetSysClock
                0x0000000020003bcc                SYS_ResetExecute
                0x0000000020003c04                HardFault_Handler
                0x0000000020003c42                mDelayuS
                0x0000000020003c50                mDelaymS
 .highcode      0x0000000020003c78      0x3ee D:\DATA\Electronic\MCU&MPU&DSP\32bit\«ﬂ∫„WCH\CH573_CH571\CH573EVT\EVT\EXAM\SRC\StdPeriphDriver\libISP573.a(ISP573.o)
                0x0000000020003c78                FLASH_ROM_BEG
                0x0000000020003c8a                FLASH_ROM_END
                0x0000000020003c98                FLASH_ROM_IN
                0x0000000020003ca6                FLASH_ROM_OUT
                0x0000000020003cb4                FLASH_ROM_ADDR
                0x0000000020003cfc                FLASH_ROM_WAIT
                0x0000000020003d34                FLASH_EEPROM_CMD
 *(.highcode.*)
                0x0000000020004068                . = ALIGN (0x4)
 *fill*         0x0000000020004066        0x2 
                0x0000000020004068                PROVIDE (_highcode_vma_end = .)

.text           0x000000000000086c     0x2a8c
                0x000000000000086c                . = ALIGN (0x4)
 *(SORT_NONE(.handle_reset))
 .handle_reset  0x000000000000086c       0x9e ./Startup/startup_CH573.o
                0x000000000000086c                handle_reset
 *(.text)
 .text          0x000000000000090a       0xa8 c:/programfiles/mounriver/mounriver_studio/toolchain/risc-v embedded gcc/bin/../lib/gcc/riscv-none-embed/8.2.0/../../../../riscv-none-embed/lib/rv32imac/ilp32\libg_nano.a(lib_a-memset.o)
                0x000000000000090a                memset
 *(.text.*)
 .text.PFIC_DisableIRQ.constprop.2
                0x00000000000009b2       0x1a ./src/Main.o
 .text.CH341RegWrite
                0x00000000000009cc       0xe6 ./src/Main.o
                0x00000000000009cc                CH341RegWrite
 .text.CH341RegRead
                0x0000000000000ab2       0x6e ./src/Main.o
                0x0000000000000ab2                CH341RegRead
 .text.USB_IRQProcessHandler
                0x0000000000000b20      0xd1e ./src/Main.o
                0x0000000000000b20                USB_IRQProcessHandler
 .text.USBParaInit
                0x000000000000183e       0x24 ./src/Main.o
                0x000000000000183e                USBParaInit
 .text.InitCDCDevice
                0x0000000000001862       0x96 ./src/Main.o
                0x0000000000001862                InitCDCDevice
 .text.InitVendorDevice
                0x00000000000018f8       0x84 ./src/Main.o
                0x00000000000018f8                InitVendorDevice
 .text.InitUSBDevPara
                0x000000000000197c       0x78 ./src/Main.o
                0x000000000000197c                InitUSBDevPara
 .text.InitUSBDevice
                0x00000000000019f4        0xe ./src/Main.o
                0x00000000000019f4                InitUSBDevice
 .text.DebugInit
                0x0000000000001a02       0x2a ./src/Main.o
                0x0000000000001a02                DebugInit
 .text.startup.main
                0x0000000000001a2c       0x32 ./src/Main.o
                0x0000000000001a2c                main
 .text.GPIOA_ModeCfg
                0x0000000000001a5e       0xa6 ./StdPeriphDriver/CH57x_gpio.o
                0x0000000000001a5e                GPIOA_ModeCfg
 .text.GetSysClock
                0x0000000000001b04       0x42 ./StdPeriphDriver/CH57x_sys.o
                0x0000000000001b04                GetSysClock
 .text._write   0x0000000000001b46       0x28 ./StdPeriphDriver/CH57x_sys.o
                0x0000000000001b46                _write
 .text.UART1_BaudRateCfg
                0x0000000000001b6e       0x30 ./StdPeriphDriver/CH57x_uart1.o
                0x0000000000001b6e                UART1_BaudRateCfg
 .text.UART1_DefInit
                0x0000000000001b9e       0x32 ./StdPeriphDriver/CH57x_uart1.o
                0x0000000000001b9e                UART1_DefInit
 .text.memcpy   0x0000000000001bd0       0xb6 c:/programfiles/mounriver/mounriver_studio/toolchain/risc-v embedded gcc/bin/../lib/gcc/riscv-none-embed/8.2.0/../../../../riscv-none-embed/lib/rv32imac/ilp32\libg_nano.a(lib_a-memcpy.o)
                0x0000000000001bd0                memcpy
 .text.printf   0x0000000000001c86       0x44 c:/programfiles/mounriver/mounriver_studio/toolchain/risc-v embedded gcc/bin/../lib/gcc/riscv-none-embed/8.2.0/../../../../riscv-none-embed/lib/rv32imac/ilp32\libg_nano.a(lib_a-printf.o)
                0x0000000000001c86                iprintf
                0x0000000000001c86                printf
 .text.putchar  0x0000000000001cca       0x2e c:/programfiles/mounriver/mounriver_studio/toolchain/risc-v embedded gcc/bin/../lib/gcc/riscv-none-embed/8.2.0/../../../../riscv-none-embed/lib/rv32imac/ilp32\libg_nano.a(lib_a-putchar.o)
                0x0000000000001cca                putchar
 .text._puts_r  0x0000000000001cf8       0xda c:/programfiles/mounriver/mounriver_studio/toolchain/risc-v embedded gcc/bin/../lib/gcc/riscv-none-embed/8.2.0/../../../../riscv-none-embed/lib/rv32imac/ilp32\libg_nano.a(lib_a-puts.o)
                0x0000000000001cf8                _puts_r
 .text.puts     0x0000000000001dd2        0xe c:/programfiles/mounriver/mounriver_studio/toolchain/risc-v embedded gcc/bin/../lib/gcc/riscv-none-embed/8.2.0/../../../../riscv-none-embed/lib/rv32imac/ilp32\libg_nano.a(lib_a-puts.o)
                0x0000000000001dd2                puts
 .text.strlen   0x0000000000001de0       0x12 c:/programfiles/mounriver/mounriver_studio/toolchain/risc-v embedded gcc/bin/../lib/gcc/riscv-none-embed/8.2.0/../../../../riscv-none-embed/lib/rv32imac/ilp32\libg_nano.a(lib_a-strlen.o)
                0x0000000000001de0                strlen
 .text.__swbuf_r
                0x0000000000001df2       0xc0 c:/programfiles/mounriver/mounriver_studio/toolchain/risc-v embedded gcc/bin/../lib/gcc/riscv-none-embed/8.2.0/../../../../riscv-none-embed/lib/rv32imac/ilp32\libg_nano.a(lib_a-wbuf.o)
                0x0000000000001df2                __swbuf_r
 .text.__swsetup_r
                0x0000000000001eb2      0x110 c:/programfiles/mounriver/mounriver_studio/toolchain/risc-v embedded gcc/bin/../lib/gcc/riscv-none-embed/8.2.0/../../../../riscv-none-embed/lib/rv32imac/ilp32\libg_nano.a(lib_a-wsetup.o)
                0x0000000000001eb2                __swsetup_r
 .text.__sflush_r
                0x0000000000001fc2      0x13c c:/programfiles/mounriver/mounriver_studio/toolchain/risc-v embedded gcc/bin/../lib/gcc/riscv-none-embed/8.2.0/../../../../riscv-none-embed/lib/rv32imac/ilp32\libg_nano.a(lib_a-fflush.o)
                0x0000000000001fc2                __sflush_r
 .text._fflush_r
                0x00000000000020fe       0x64 c:/programfiles/mounriver/mounriver_studio/toolchain/risc-v embedded gcc/bin/../lib/gcc/riscv-none-embed/8.2.0/../../../../riscv-none-embed/lib/rv32imac/ilp32\libg_nano.a(lib_a-fflush.o)
                0x00000000000020fe                _fflush_r
 .text.std      0x0000000000002162       0x6a c:/programfiles/mounriver/mounriver_studio/toolchain/risc-v embedded gcc/bin/../lib/gcc/riscv-none-embed/8.2.0/../../../../riscv-none-embed/lib/rv32imac/ilp32\libg_nano.a(lib_a-findfp.o)
 .text._cleanup_r
                0x00000000000021cc        0xa c:/programfiles/mounriver/mounriver_studio/toolchain/risc-v embedded gcc/bin/../lib/gcc/riscv-none-embed/8.2.0/../../../../riscv-none-embed/lib/rv32imac/ilp32\libg_nano.a(lib_a-findfp.o)
                0x00000000000021cc                _cleanup_r
 .text.__sfmoreglue
                0x00000000000021d6       0x46 c:/programfiles/mounriver/mounriver_studio/toolchain/risc-v embedded gcc/bin/../lib/gcc/riscv-none-embed/8.2.0/../../../../riscv-none-embed/lib/rv32imac/ilp32\libg_nano.a(lib_a-findfp.o)
                0x00000000000021d6                __sfmoreglue
 .text.__sinit  0x000000000000221c       0x6a c:/programfiles/mounriver/mounriver_studio/toolchain/risc-v embedded gcc/bin/../lib/gcc/riscv-none-embed/8.2.0/../../../../riscv-none-embed/lib/rv32imac/ilp32\libg_nano.a(lib_a-findfp.o)
                0x000000000000221c                __sinit
 .text.__sfp    0x0000000000002286       0xa0 c:/programfiles/mounriver/mounriver_studio/toolchain/risc-v embedded gcc/bin/../lib/gcc/riscv-none-embed/8.2.0/../../../../riscv-none-embed/lib/rv32imac/ilp32\libg_nano.a(lib_a-findfp.o)
                0x0000000000002286                __sfp
 .text._fwalk_reent
                0x0000000000002326       0x6c c:/programfiles/mounriver/mounriver_studio/toolchain/risc-v embedded gcc/bin/../lib/gcc/riscv-none-embed/8.2.0/../../../../riscv-none-embed/lib/rv32imac/ilp32\libg_nano.a(lib_a-fwalk.o)
                0x0000000000002326                _fwalk_reent
 .text.__swhatbuf_r
                0x0000000000002392       0x5a c:/programfiles/mounriver/mounriver_studio/toolchain/risc-v embedded gcc/bin/../lib/gcc/riscv-none-embed/8.2.0/../../../../riscv-none-embed/lib/rv32imac/ilp32\libg_nano.a(lib_a-makebuf.o)
                0x0000000000002392                __swhatbuf_r
 .text.__smakebuf_r
                0x00000000000023ec       0x9e c:/programfiles/mounriver/mounriver_studio/toolchain/risc-v embedded gcc/bin/../lib/gcc/riscv-none-embed/8.2.0/../../../../riscv-none-embed/lib/rv32imac/ilp32\libg_nano.a(lib_a-makebuf.o)
                0x00000000000023ec                __smakebuf_r
 .text._free_r  0x000000000000248a       0xa8 c:/programfiles/mounriver/mounriver_studio/toolchain/risc-v embedded gcc/bin/../lib/gcc/riscv-none-embed/8.2.0/../../../../riscv-none-embed/lib/rv32imac/ilp32\libg_nano.a(lib_a-nano-freer.o)
                0x000000000000248a                _free_r
 .text._malloc_r
                0x0000000000002532       0xd8 c:/programfiles/mounriver/mounriver_studio/toolchain/risc-v embedded gcc/bin/../lib/gcc/riscv-none-embed/8.2.0/../../../../riscv-none-embed/lib/rv32imac/ilp32\libg_nano.a(lib_a-nano-mallocr.o)
                0x0000000000002532                _malloc_r
 .text.__sfputc_r
                0x000000000000260a       0x2a c:/programfiles/mounriver/mounriver_studio/toolchain/risc-v embedded gcc/bin/../lib/gcc/riscv-none-embed/8.2.0/../../../../riscv-none-embed/lib/rv32imac/ilp32\libg_nano.a(lib_a-nano-vfprintf.o)
 .text.__sfputs_r
                0x0000000000002634       0x42 c:/programfiles/mounriver/mounriver_studio/toolchain/risc-v embedded gcc/bin/../lib/gcc/riscv-none-embed/8.2.0/../../../../riscv-none-embed/lib/rv32imac/ilp32\libg_nano.a(lib_a-nano-vfprintf.o)
                0x0000000000002634                __sfputs_r
 .text._vfprintf_r
                0x0000000000002676      0x29a c:/programfiles/mounriver/mounriver_studio/toolchain/risc-v embedded gcc/bin/../lib/gcc/riscv-none-embed/8.2.0/../../../../riscv-none-embed/lib/rv32imac/ilp32\libg_nano.a(lib_a-nano-vfprintf.o)
                0x0000000000002676                _vfprintf_r
                0x0000000000002676                _vfiprintf_r
 .text._printf_common
                0x0000000000002910      0x10c c:/programfiles/mounriver/mounriver_studio/toolchain/risc-v embedded gcc/bin/../lib/gcc/riscv-none-embed/8.2.0/../../../../riscv-none-embed/lib/rv32imac/ilp32\libg_nano.a(lib_a-nano-vfprintf_i.o)
                0x0000000000002910                _printf_common
 .text._printf_i
                0x0000000000002a1c      0x2a8 c:/programfiles/mounriver/mounriver_studio/toolchain/risc-v embedded gcc/bin/../lib/gcc/riscv-none-embed/8.2.0/../../../../riscv-none-embed/lib/rv32imac/ilp32\libg_nano.a(lib_a-nano-vfprintf_i.o)
                0x0000000000002a1c                _printf_i
 .text._putc_r  0x0000000000002cc4       0x86 c:/programfiles/mounriver/mounriver_studio/toolchain/risc-v embedded gcc/bin/../lib/gcc/riscv-none-embed/8.2.0/../../../../riscv-none-embed/lib/rv32imac/ilp32\libg_nano.a(lib_a-putc.o)
                0x0000000000002cc4                _putc_r
 .text._sbrk_r  0x0000000000002d4a       0x28 c:/programfiles/mounriver/mounriver_studio/toolchain/risc-v embedded gcc/bin/../lib/gcc/riscv-none-embed/8.2.0/../../../../riscv-none-embed/lib/rv32imac/ilp32\libg_nano.a(lib_a-sbrkr.o)
                0x0000000000002d4a                _sbrk_r
 .text.__sread  0x0000000000002d72       0x30 c:/programfiles/mounriver/mounriver_studio/toolchain/risc-v embedded gcc/bin/../lib/gcc/riscv-none-embed/8.2.0/../../../../riscv-none-embed/lib/rv32imac/ilp32\libg_nano.a(lib_a-stdio.o)
                0x0000000000002d72                __sread
 .text.__swrite
                0x0000000000002da2       0x4e c:/programfiles/mounriver/mounriver_studio/toolchain/risc-v embedded gcc/bin/../lib/gcc/riscv-none-embed/8.2.0/../../../../riscv-none-embed/lib/rv32imac/ilp32\libg_nano.a(lib_a-stdio.o)
                0x0000000000002da2                __swrite
 .text.__sseek  0x0000000000002df0       0x36 c:/programfiles/mounriver/mounriver_studio/toolchain/risc-v embedded gcc/bin/../lib/gcc/riscv-none-embed/8.2.0/../../../../riscv-none-embed/lib/rv32imac/ilp32\libg_nano.a(lib_a-stdio.o)
                0x0000000000002df0                __sseek
 .text.__sclose
                0x0000000000002e26        0x6 c:/programfiles/mounriver/mounriver_studio/toolchain/risc-v embedded gcc/bin/../lib/gcc/riscv-none-embed/8.2.0/../../../../riscv-none-embed/lib/rv32imac/ilp32\libg_nano.a(lib_a-stdio.o)
                0x0000000000002e26                __sclose
 .text._write_r
                0x0000000000002e2c       0x2e c:/programfiles/mounriver/mounriver_studio/toolchain/risc-v embedded gcc/bin/../lib/gcc/riscv-none-embed/8.2.0/../../../../riscv-none-embed/lib/rv32imac/ilp32\libg_nano.a(lib_a-writer.o)
                0x0000000000002e2c                _write_r
 .text._close_r
                0x0000000000002e5a       0x28 c:/programfiles/mounriver/mounriver_studio/toolchain/risc-v embedded gcc/bin/../lib/gcc/riscv-none-embed/8.2.0/../../../../riscv-none-embed/lib/rv32imac/ilp32\libg_nano.a(lib_a-closer.o)
                0x0000000000002e5a                _close_r
 .text._fstat_r
                0x0000000000002e82       0x2a c:/programfiles/mounriver/mounriver_studio/toolchain/risc-v embedded gcc/bin/../lib/gcc/riscv-none-embed/8.2.0/../../../../riscv-none-embed/lib/rv32imac/ilp32\libg_nano.a(lib_a-fstatr.o)
                0x0000000000002e82                _fstat_r
 .text._isatty_r
                0x0000000000002eac       0x28 c:/programfiles/mounriver/mounriver_studio/toolchain/risc-v embedded gcc/bin/../lib/gcc/riscv-none-embed/8.2.0/../../../../riscv-none-embed/lib/rv32imac/ilp32\libg_nano.a(lib_a-isattyr.o)
                0x0000000000002eac                _isatty_r
 .text._lseek_r
                0x0000000000002ed4       0x2c c:/programfiles/mounriver/mounriver_studio/toolchain/risc-v embedded gcc/bin/../lib/gcc/riscv-none-embed/8.2.0/../../../../riscv-none-embed/lib/rv32imac/ilp32\libg_nano.a(lib_a-lseekr.o)
                0x0000000000002ed4                _lseek_r
 .text.memchr   0x0000000000002f00       0x1a c:/programfiles/mounriver/mounriver_studio/toolchain/risc-v embedded gcc/bin/../lib/gcc/riscv-none-embed/8.2.0/../../../../riscv-none-embed/lib/rv32imac/ilp32\libg_nano.a(lib_a-memchr.o)
                0x0000000000002f00                memchr
 .text.__malloc_lock
                0x0000000000002f1a        0x2 c:/programfiles/mounriver/mounriver_studio/toolchain/risc-v embedded gcc/bin/../lib/gcc/riscv-none-embed/8.2.0/../../../../riscv-none-embed/lib/rv32imac/ilp32\libg_nano.a(lib_a-mlock.o)
                0x0000000000002f1a                __malloc_lock
 .text.__malloc_unlock
                0x0000000000002f1c        0x2 c:/programfiles/mounriver/mounriver_studio/toolchain/risc-v embedded gcc/bin/../lib/gcc/riscv-none-embed/8.2.0/../../../../riscv-none-embed/lib/rv32imac/ilp32\libg_nano.a(lib_a-mlock.o)
                0x0000000000002f1c                __malloc_unlock
 .text._read_r  0x0000000000002f1e       0x2c c:/programfiles/mounriver/mounriver_studio/toolchain/risc-v embedded gcc/bin/../lib/gcc/riscv-none-embed/8.2.0/../../../../riscv-none-embed/lib/rv32imac/ilp32\libg_nano.a(lib_a-readr.o)
                0x0000000000002f1e                _read_r
 .text._close   0x0000000000002f4a        0xc c:/programfiles/mounriver/mounriver_studio/toolchain/risc-v embedded gcc/bin/../lib/gcc/riscv-none-embed/8.2.0/../../../../riscv-none-embed/lib/rv32imac/ilp32\libnosys.a(close.o)
                0x0000000000002f4a                _close
 .text._fstat   0x0000000000002f56        0xc c:/programfiles/mounriver/mounriver_studio/toolchain/risc-v embedded gcc/bin/../lib/gcc/riscv-none-embed/8.2.0/../../../../riscv-none-embed/lib/rv32imac/ilp32\libnosys.a(fstat.o)
                0x0000000000002f56                _fstat
 .text._isatty  0x0000000000002f62        0xc c:/programfiles/mounriver/mounriver_studio/toolchain/risc-v embedded gcc/bin/../lib/gcc/riscv-none-embed/8.2.0/../../../../riscv-none-embed/lib/rv32imac/ilp32\libnosys.a(isatty.o)
                0x0000000000002f62                _isatty
 .text._lseek   0x0000000000002f6e        0xc c:/programfiles/mounriver/mounriver_studio/toolchain/risc-v embedded gcc/bin/../lib/gcc/riscv-none-embed/8.2.0/../../../../riscv-none-embed/lib/rv32imac/ilp32\libnosys.a(lseek.o)
                0x0000000000002f6e                _lseek
 .text._read    0x0000000000002f7a        0xc c:/programfiles/mounriver/mounriver_studio/toolchain/risc-v embedded gcc/bin/../lib/gcc/riscv-none-embed/8.2.0/../../../../riscv-none-embed/lib/rv32imac/ilp32\libnosys.a(read.o)
                0x0000000000002f7a                _read
 .text._sbrk    0x0000000000002f86       0x20 c:/programfiles/mounriver/mounriver_studio/toolchain/risc-v embedded gcc/bin/../lib/gcc/riscv-none-embed/8.2.0/../../../../riscv-none-embed/lib/rv32imac/ilp32\libnosys.a(sbrk.o)
                0x0000000000002f86                _sbrk
 *(.rodata)
 *(.rodata*)
 *fill*         0x0000000000002fa6        0x2 
 .rodata.USB_IRQProcessHandler
                0x0000000000002fa8       0x2c ./src/Main.o
 .rodata.CH341RegWrite.str1.4
                0x0000000000002fd4       0x39 ./src/Main.o
 *fill*         0x000000000000300d        0x3 
 .rodata.My_QueDescr
                0x0000000000003010        0xa ./src/Main.o
                0x0000000000003010                My_QueDescr
 *fill*         0x000000000000301a        0x2 
 .rodata.TAB_USB_CDC_CFG_DES
                0x000000000000301c       0x43 ./src/Main.o
                0x000000000000301c                TAB_USB_CDC_CFG_DES
 *fill*         0x000000000000305f        0x1 
 .rodata.TAB_USB_CDC_DEV_DES
                0x0000000000003060       0x12 ./src/Main.o
                0x0000000000003060                TAB_USB_CDC_DEV_DES
 *fill*         0x0000000000003072        0x2 
 .rodata.TAB_USB_VEN_CFG_DES
                0x0000000000003074       0x27 ./src/Main.o
                0x0000000000003074                TAB_USB_VEN_CFG_DES
 *fill*         0x000000000000309b        0x1 
 .rodata.TAB_USB_VEN_DEV_DES
                0x000000000000309c       0x12 ./src/Main.o
                0x000000000000309c                TAB_USB_VEN_DEV_DES
 *fill*         0x00000000000030ae        0x2 
 .rodata.USB_DEV_PARA_CDC_PRODUCT_STR
                0x00000000000030b0       0x16 ./src/Main.o
                0x00000000000030b0                USB_DEV_PARA_CDC_PRODUCT_STR
 *fill*         0x00000000000030c6        0x2 
 .rodata.USB_DEV_PARA_CDC_SERIAL_STR
                0x00000000000030c8        0xd ./src/Main.o
                0x00000000000030c8                USB_DEV_PARA_CDC_SERIAL_STR
 *fill*         0x00000000000030d5        0x3 
 .rodata.USB_DEV_PARA_VEN_PRODUCT_STR
                0x00000000000030d8       0x16 ./src/Main.o
                0x00000000000030d8                USB_DEV_PARA_VEN_PRODUCT_STR
 *fill*         0x00000000000030ee        0x2 
 .rodata.USB_DEV_PARA_VEN_SERIAL_STR
                0x00000000000030f0        0xd ./src/Main.o
                0x00000000000030f0                USB_DEV_PARA_VEN_SERIAL_STR
 *fill*         0x00000000000030fd        0x3 
 .rodata.USB_IRQProcessHandler.str1.4
                0x0000000000003100      0x125 ./src/Main.o
 *fill*         0x0000000000003225        0x3 
 .rodata.main.str1.4
                0x0000000000003228        0x6 ./src/Main.o
 *fill*         0x000000000000322e        0x2 
 .rodata.GPIOA_ModeCfg
                0x0000000000003230       0x14 ./StdPeriphDriver/CH57x_gpio.o
 .rodata.__sf_fake_stderr
                0x0000000000003244       0x20 c:/programfiles/mounriver/mounriver_studio/toolchain/risc-v embedded gcc/bin/../lib/gcc/riscv-none-embed/8.2.0/../../../../riscv-none-embed/lib/rv32imac/ilp32\libg_nano.a(lib_a-findfp.o)
                0x0000000000003244                __sf_fake_stderr
 .rodata.__sf_fake_stdin
                0x0000000000003264       0x20 c:/programfiles/mounriver/mounriver_studio/toolchain/risc-v embedded gcc/bin/../lib/gcc/riscv-none-embed/8.2.0/../../../../riscv-none-embed/lib/rv32imac/ilp32\libg_nano.a(lib_a-findfp.o)
                0x0000000000003264                __sf_fake_stdin
 .rodata.__sf_fake_stdout
                0x0000000000003284       0x20 c:/programfiles/mounriver/mounriver_studio/toolchain/risc-v embedded gcc/bin/../lib/gcc/riscv-none-embed/8.2.0/../../../../riscv-none-embed/lib/rv32imac/ilp32\libg_nano.a(lib_a-findfp.o)
                0x0000000000003284                __sf_fake_stdout
 .rodata._vfprintf_r.str1.4
                0x00000000000032a4       0x13 c:/programfiles/mounriver/mounriver_studio/toolchain/risc-v embedded gcc/bin/../lib/gcc/riscv-none-embed/8.2.0/../../../../riscv-none-embed/lib/rv32imac/ilp32\libg_nano.a(lib_a-nano-vfprintf.o)
 *fill*         0x00000000000032b7        0x1 
 .rodata._printf_i.str1.4
                0x00000000000032b8       0x28 c:/programfiles/mounriver/mounriver_studio/toolchain/risc-v embedded gcc/bin/../lib/gcc/riscv-none-embed/8.2.0/../../../../riscv-none-embed/lib/rv32imac/ilp32\libg_nano.a(lib_a-nano-vfprintf_i.o)
                                         0x25 (size before relaxing)
 *(.sdata2.*)
 .sdata2.TAB_USB_LID_STR_DES
                0x00000000000032e0        0x4 ./src/Main.o
                0x00000000000032e0                TAB_USB_LID_STR_DES
 .sdata2.USB_DEV_PARA_CDC_MANUFACTURE_STR
                0x00000000000032e4        0x7 ./src/Main.o
                0x00000000000032e4                USB_DEV_PARA_CDC_MANUFACTURE_STR
 *fill*         0x00000000000032eb        0x1 
 .sdata2.USB_DEV_PARA_VEN_MANUFACTURE_STR
                0x00000000000032ec        0x7 ./src/Main.o
                0x00000000000032ec                USB_DEV_PARA_VEN_MANUFACTURE_STR
 *fill*         0x00000000000032f3        0x1 
 .sdata2._global_impure_ptr
                0x00000000000032f4        0x4 c:/programfiles/mounriver/mounriver_studio/toolchain/risc-v embedded gcc/bin/../lib/gcc/riscv-none-embed/8.2.0/../../../../riscv-none-embed/lib/rv32imac/ilp32\libg_nano.a(lib_a-impure.o)
                0x00000000000032f4                _global_impure_ptr
 *(.glue_7)
 *(.glue_7t)
 *(.gnu.linkonce.t.*)
                0x00000000000032f8                . = ALIGN (0x4)

.rela.dyn       0x00000000000032f8        0x0
 .rela.init     0x00000000000032f8        0x0 ./src/Main.o
 .rela.vector   0x00000000000032f8        0x0 ./src/Main.o
 .rela.handle_reset
                0x00000000000032f8        0x0 ./src/Main.o
 .rela.text._vfprintf_r
                0x00000000000032f8        0x0 ./src/Main.o
 .rela.text._sbrk_r
                0x00000000000032f8        0x0 ./src/Main.o
 .rela.text._write_r
                0x00000000000032f8        0x0 ./src/Main.o
 .rela.text._close_r
                0x00000000000032f8        0x0 ./src/Main.o
 .rela.text._fstat_r
                0x00000000000032f8        0x0 ./src/Main.o
 .rela.text._isatty_r
                0x00000000000032f8        0x0 ./src/Main.o
 .rela.text._lseek_r
                0x00000000000032f8        0x0 ./src/Main.o
 .rela.text._read_r
                0x00000000000032f8        0x0 ./src/Main.o
 .rela.text._close
                0x00000000000032f8        0x0 ./src/Main.o
 .rela.text._fstat
                0x00000000000032f8        0x0 ./src/Main.o
 .rela.text._isatty
                0x00000000000032f8        0x0 ./src/Main.o
 .rela.text._lseek
                0x00000000000032f8        0x0 ./src/Main.o
 .rela.text._read
                0x00000000000032f8        0x0 ./src/Main.o
 .rela.text._sbrk
                0x00000000000032f8        0x0 ./src/Main.o

.fini           0x00000000000032f8        0x0
 *(SORT_NONE(.fini))
                0x00000000000032f8                . = ALIGN (0x4)
                [!provide]                        PROVIDE (_etext = .)
                [!provide]                        PROVIDE (_eitcm = .)

.preinit_array  0x00000000000032f8        0x0
                [!provide]                        PROVIDE (__preinit_array_start = .)
 *(.preinit_array)
                [!provide]                        PROVIDE (__preinit_array_end = .)

.init_array     0x00000000000032f8        0x0
                [!provide]                        PROVIDE (__init_array_start = .)
 *(SORT_BY_INIT_PRIORITY(.init_array.*) SORT_BY_INIT_PRIORITY(.ctors.*))
 *(.init_array EXCLUDE_FILE(*crtend?.o *crtend.o *crtbegin?.o *crtbegin.o) .ctors)
                [!provide]                        PROVIDE (__init_array_end = .)

.fini_array     0x00000000000032f8        0x0
                [!provide]                        PROVIDE (__fini_array_start = .)
 *(SORT_BY_INIT_PRIORITY(.fini_array.*) SORT_BY_INIT_PRIORITY(.dtors.*))
 *(.fini_array EXCLUDE_FILE(*crtend?.o *crtend.o *crtbegin?.o *crtbegin.o) .dtors)
                [!provide]                        PROVIDE (__fini_array_end = .)

.ctors
 *crtbegin.o(.ctors)
 *crtbegin?.o(.ctors)
 *(EXCLUDE_FILE(*crtend?.o *crtend.o) .ctors)
 *(SORT_BY_NAME(.ctors.*))
 *(.ctors)

.dtors
 *crtbegin.o(.dtors)
 *crtbegin?.o(.dtors)
 *(EXCLUDE_FILE(*crtend?.o *crtend.o) .dtors)
 *(SORT_BY_NAME(.dtors.*))
 *(.dtors)

.dalign         0x0000000020004068        0x0 load address 0x00000000000032f8
                0x0000000020004068                . = (ORIGIN (RAM) + MAX (0x800, SIZEOF (.highcode)))

.dlalign        0x00000000000032f8        0x0
                0x00000000000032f8                . = ALIGN (0x4)
                0x00000000000032f8                PROVIDE (_data_lma = .)

.data           0x0000000020004068       0x68 load address 0x00000000000032f8
                0x0000000020004068                . = ALIGN (0x4)
                0x0000000020004068                PROVIDE (_data_vma = .)
 *(.gnu.linkonce.r.*)
 *(.data .data.*)
 .data.impure_data
                0x0000000020004068       0x60 c:/programfiles/mounriver/mounriver_studio/toolchain/risc-v embedded gcc/bin/../lib/gcc/riscv-none-embed/8.2.0/../../../../riscv-none-embed/lib/rv32imac/ilp32\libg_nano.a(lib_a-impure.o)
 *(.gnu.linkonce.d.*)
                0x00000000200040c8                . = ALIGN (0x8)
 *fill*         0x00000000200040c8        0x0 
                0x00000000200048c8                PROVIDE (__global_pointer$ = (. + 0x800))
 *(.sdata .sdata.*)
 .sdata._impure_ptr
                0x00000000200040c8        0x4 c:/programfiles/mounriver/mounriver_studio/toolchain/risc-v embedded gcc/bin/../lib/gcc/riscv-none-embed/8.2.0/../../../../riscv-none-embed/lib/rv32imac/ilp32\libg_nano.a(lib_a-impure.o)
                0x00000000200040c8                _impure_ptr
 *(.gnu.linkonce.s.*)
                0x00000000200040d0                . = ALIGN (0x8)
 *fill*         0x00000000200040cc        0x4 
 *(.srodata.cst16)
 *(.srodata.cst8)
 *(.srodata.cst4)
 *(.srodata.cst2)
 *(.srodata .srodata.*)
                0x00000000200040d0                . = ALIGN (0x4)
                0x00000000200040d0                PROVIDE (_edata = .)

.bss            0x00000000200040d0      0x368 load address 0x0000000000003360
                0x00000000200040d0                . = ALIGN (0x4)
                0x00000000200040d0                PROVIDE (_sbss = .)
 *(.sbss*)
 .sbss.CDCSer0ParaChange
                0x00000000200040d0        0x1 ./src/Main.o
                0x00000000200040d0                CDCSer0ParaChange
 .sbss.CDCSetSerIdx
                0x00000000200040d1        0x1 ./src/Main.o
                0x00000000200040d1                CDCSetSerIdx
 .sbss.Ep1DataINFlag
                0x00000000200040d2        0x1 ./src/Main.o
                0x00000000200040d2                Ep1DataINFlag
 .sbss.Ep1DataOUTFlag
                0x00000000200040d3        0x1 ./src/Main.o
                0x00000000200040d3                Ep1DataOUTFlag
 .sbss.Ep1DataOUTLen
                0x00000000200040d4        0x1 ./src/Main.o
                0x00000000200040d4                Ep1DataOUTLen
 .sbss.Ep2DataINFlag
                0x00000000200040d5        0x1 ./src/Main.o
                0x00000000200040d5                Ep2DataINFlag
 .sbss.Ep2DataOUTFlag
                0x00000000200040d6        0x1 ./src/Main.o
                0x00000000200040d6                Ep2DataOUTFlag
 .sbss.Ep2DataOUTLen
                0x00000000200040d7        0x1 ./src/Main.o
                0x00000000200040d7                Ep2DataOUTLen
 .sbss.Ep3DataINFlag
                0x00000000200040d8        0x1 ./src/Main.o
                0x00000000200040d8                Ep3DataINFlag
 .sbss.Ep3DataOUTFlag
                0x00000000200040d9        0x1 ./src/Main.o
                0x00000000200040d9                Ep3DataOUTFlag
 .sbss.Ep4DataINFlag
                0x00000000200040da        0x1 ./src/Main.o
                0x00000000200040da                Ep4DataINFlag
 .sbss.Ep4DataOUTFlag
                0x00000000200040db        0x1 ./src/Main.o
                0x00000000200040db                Ep4DataOUTFlag
 .sbss.SetupLen
                0x00000000200040dc        0x1 ./src/Main.o
                0x00000000200040dc                SetupLen
 .sbss.SetupReqCode
                0x00000000200040dd        0x1 ./src/Main.o
                0x00000000200040dd                SetupReqCode
 .sbss.UART0_CTS_Val
                0x00000000200040de        0x1 ./src/Main.o
                0x00000000200040de                UART0_CTS_Val
 .sbss.UART0_DCD_Val
                0x00000000200040df        0x1 ./src/Main.o
                0x00000000200040df                UART0_DCD_Val
 .sbss.UART0_DSR_Val
                0x00000000200040e0        0x1 ./src/Main.o
                0x00000000200040e0                UART0_DSR_Val
 .sbss.UART0_DTR_Val
                0x00000000200040e1        0x1 ./src/Main.o
                0x00000000200040e1                UART0_DTR_Val
 .sbss.UART0_OUT_Val
                0x00000000200040e2        0x1 ./src/Main.o
                0x00000000200040e2                UART0_OUT_Val
 .sbss.UART0_RI_Val
                0x00000000200040e3        0x1 ./src/Main.o
                0x00000000200040e3                UART0_RI_Val
 .sbss.UART0_RTS_Val
                0x00000000200040e4        0x1 ./src/Main.o
                0x00000000200040e4                UART0_RTS_Val
 *fill*         0x00000000200040e5        0x3 
 .sbss.Uart0Para
                0x00000000200040e8        0x7 ./src/Main.o
                0x00000000200040e8                Uart0Para
 .sbss.VENSer0ParaChange
                0x00000000200040ef        0x1 ./src/Main.o
                0x00000000200040ef                VENSer0ParaChange
 .sbss.VENSer0SendFlag
                0x00000000200040f0        0x1 ./src/Main.o
                0x00000000200040f0                VENSer0SendFlag
 .sbss.cdc_uart_sta_trans_step
                0x00000000200040f1        0x1 ./src/Main.o
                0x00000000200040f1                cdc_uart_sta_trans_step
 *fill*         0x00000000200040f2        0x2 
 .sbss.devinf   0x00000000200040f4        0x6 ./src/Main.o
                0x00000000200040f4                devinf
 *fill*         0x00000000200040fa        0x2 
 .sbss.pDescr.3852
                0x00000000200040fc        0x4 ./src/Main.o
 .sbss.usb_irq_flag
                0x0000000020004100        0x4 ./src/Main.o
                0x0000000020004100                usb_irq_flag
 .sbss.usb_irq_len
                0x0000000020004104        0x4 ./src/Main.o
                0x0000000020004104                usb_irq_len
 .sbss.usb_irq_pid
                0x0000000020004108        0x4 ./src/Main.o
                0x0000000020004108                usb_irq_pid
 .sbss.usb_irq_r_idx
                0x000000002000410c        0x1 ./src/Main.o
                0x000000002000410c                usb_irq_r_idx
 .sbss.usb_irq_w_idx
                0x000000002000410d        0x1 ./src/Main.o
                0x000000002000410d                usb_irq_w_idx
 .sbss.usb_work_mode
                0x000000002000410e        0x1 ./src/Main.o
                0x000000002000410e                usb_work_mode
 .sbss.ven_ep1_trans_step
                0x000000002000410f        0x1 ./src/Main.o
                0x000000002000410f                ven_ep1_trans_step
 .sbss.__malloc_free_list
                0x0000000020004110        0x4 c:/programfiles/mounriver/mounriver_studio/toolchain/risc-v embedded gcc/bin/../lib/gcc/riscv-none-embed/8.2.0/../../../../riscv-none-embed/lib/rv32imac/ilp32\libg_nano.a(lib_a-nano-mallocr.o)
                0x0000000020004110                __malloc_free_list
 .sbss.__malloc_sbrk_start
                0x0000000020004114        0x4 c:/programfiles/mounriver/mounriver_studio/toolchain/risc-v embedded gcc/bin/../lib/gcc/riscv-none-embed/8.2.0/../../../../riscv-none-embed/lib/rv32imac/ilp32\libg_nano.a(lib_a-nano-mallocr.o)
                0x0000000020004114                __malloc_sbrk_start
 .sbss.heap_end.1518
                0x0000000020004118        0x4 c:/programfiles/mounriver/mounriver_studio/toolchain/risc-v embedded gcc/bin/../lib/gcc/riscv-none-embed/8.2.0/../../../../riscv-none-embed/lib/rv32imac/ilp32\libnosys.a(sbrk.o)
 *(.gnu.linkonce.sb.*)
 *(.bss*)
 .bss.CH341_Reg_Add
                0x000000002000411c        0xa ./src/Main.o
                0x000000002000411c                CH341_Reg_Add
 *fill*         0x0000000020004126        0x2 
 .bss.CH341_Reg_val
                0x0000000020004128        0xa ./src/Main.o
                0x0000000020004128                CH341_Reg_val
 *fill*         0x0000000020004132        0x2 
 .bss.Ep0Buffer
                0x0000000020004134       0x40 ./src/Main.o
                0x0000000020004134                Ep0Buffer
 .bss.Ep1Buffer
                0x0000000020004174       0x40 ./src/Main.o
                0x0000000020004174                Ep1Buffer
 .bss.Ep1OUTDataBuf
                0x00000000200041b4       0x40 ./src/Main.o
                0x00000000200041b4                Ep1OUTDataBuf
 .bss.Ep2Buffer
                0x00000000200041f4       0x80 ./src/Main.o
                0x00000000200041f4                Ep2Buffer
 .bss.Ep2OUTDataBuf
                0x0000000020004274       0x40 ./src/Main.o
                0x0000000020004274                Ep2OUTDataBuf
 .bss.Ep3Buffer
                0x00000000200042b4       0x80 ./src/Main.o
                0x00000000200042b4                Ep3Buffer
 .bss.ep0_send_buf
                0x0000000020004334      0x100 ./src/Main.o
                0x0000000020004334                ep0_send_buf
 *(.gnu.linkonce.b.*)
 *(COMMON*)
 COMMON         0x0000000020004434        0x4 c:/programfiles/mounriver/mounriver_studio/toolchain/risc-v embedded gcc/bin/../lib/gcc/riscv-none-embed/8.2.0/../../../../riscv-none-embed/lib/rv32imac/ilp32\libg_nano.a(lib_a-reent.o)
                0x0000000020004434                errno
                0x0000000020004438                . = ALIGN (0x4)
                0x0000000020004438                PROVIDE (_ebss = .)
                [!provide]                        PROVIDE (_end = _ebss)
                0x0000000020004438                PROVIDE (end = .)

.stack          0x0000000020008000        0x0
                0x0000000020008000                . = ALIGN (0x4)
                0x0000000020008000                PROVIDE (_eusrstack = .)
OUTPUT(COM.elf elf32-littleriscv)

.debug_info     0x0000000000000000     0x55a3
 .debug_info    0x0000000000000000     0x26ef ./src/Main.o
 .debug_info    0x00000000000026ef      0xdae ./StdPeriphDriver/CH57x_gpio.o
 .debug_info    0x000000000000349d     0x135e ./StdPeriphDriver/CH57x_sys.o
 .debug_info    0x00000000000047fb      0xd86 ./StdPeriphDriver/CH57x_uart1.o
 .debug_info    0x0000000000005581       0x22 ./Startup/startup_CH573.o

.debug_abbrev   0x0000000000000000      0xdad
 .debug_abbrev  0x0000000000000000      0x4f7 ./src/Main.o
 .debug_abbrev  0x00000000000004f7      0x268 ./StdPeriphDriver/CH57x_gpio.o
 .debug_abbrev  0x000000000000075f      0x392 ./StdPeriphDriver/CH57x_sys.o
 .debug_abbrev  0x0000000000000af1      0x2aa ./StdPeriphDriver/CH57x_uart1.o
 .debug_abbrev  0x0000000000000d9b       0x12 ./Startup/startup_CH573.o

.debug_loc      0x0000000000000000     0x1b8d
 .debug_loc     0x0000000000000000     0x13b4 ./src/Main.o
 .debug_loc     0x00000000000013b4      0x361 ./StdPeriphDriver/CH57x_gpio.o
 .debug_loc     0x0000000000001715      0x28b ./StdPeriphDriver/CH57x_sys.o
 .debug_loc     0x00000000000019a0      0x1ed ./StdPeriphDriver/CH57x_uart1.o

.debug_aranges  0x0000000000000000      0x1e0
 .debug_aranges
                0x0000000000000000       0x88 ./src/Main.o
 .debug_aranges
                0x0000000000000088       0x48 ./StdPeriphDriver/CH57x_gpio.o
 .debug_aranges
                0x00000000000000d0       0x88 ./StdPeriphDriver/CH57x_sys.o
 .debug_aranges
                0x0000000000000158       0x50 ./StdPeriphDriver/CH57x_uart1.o
 .debug_aranges
                0x00000000000001a8       0x38 ./Startup/startup_CH573.o

.debug_ranges   0x0000000000000000      0x338
 .debug_ranges  0x0000000000000000      0x200 ./src/Main.o
 .debug_ranges  0x0000000000000200       0x38 ./StdPeriphDriver/CH57x_gpio.o
 .debug_ranges  0x0000000000000238       0x90 ./StdPeriphDriver/CH57x_sys.o
 .debug_ranges  0x00000000000002c8       0x40 ./StdPeriphDriver/CH57x_uart1.o
 .debug_ranges  0x0000000000000308       0x30 ./Startup/startup_CH573.o

.debug_line     0x0000000000000000     0x5565
 .debug_line    0x0000000000000000     0x36b2 ./src/Main.o
 .debug_line    0x00000000000036b2      0x81e ./StdPeriphDriver/CH57x_gpio.o
 .debug_line    0x0000000000003ed0      0xda9 ./StdPeriphDriver/CH57x_sys.o
 .debug_line    0x0000000000004c79      0x661 ./StdPeriphDriver/CH57x_uart1.o
 .debug_line    0x00000000000052da      0x28b ./Startup/startup_CH573.o

.debug_str      0x0000000000000000     0x178d
 .debug_str     0x0000000000000000     0x12aa ./src/Main.o
                                       0x1373 (size before relaxing)
 .debug_str     0x00000000000012aa      0x14d ./StdPeriphDriver/CH57x_gpio.o
                                        0x941 (size before relaxing)
 .debug_str     0x00000000000013f7      0x1fa ./StdPeriphDriver/CH57x_sys.o
                                        0xbab (size before relaxing)
 .debug_str     0x00000000000015f1      0x129 ./StdPeriphDriver/CH57x_uart1.o
                                        0x8e6 (size before relaxing)
 .debug_str     0x000000000000171a       0x73 ./Startup/startup_CH573.o
                                         0xd1 (size before relaxing)

.comment        0x0000000000000000       0x33
 .comment       0x0000000000000000       0x33 ./src/Main.o
                                         0x34 (size before relaxing)
 .comment       0x0000000000000033       0x34 ./StdPeriphDriver/CH57x_gpio.o
 .comment       0x0000000000000033       0x34 ./StdPeriphDriver/CH57x_sys.o
 .comment       0x0000000000000033       0x34 ./StdPeriphDriver/CH57x_uart1.o
 .comment       0x0000000000000033       0x34 D:\DATA\Electronic\MCU&MPU&DSP\32bit\«ﬂ∫„WCH\CH573_CH571\CH573EVT\EVT\EXAM\SRC\StdPeriphDriver\libISP573.a(ISP573.o)

.debug_frame    0x0000000000000000      0xda4
 .debug_frame   0x0000000000000000      0x174 ./src/Main.o
 .debug_frame   0x0000000000000174       0x70 ./StdPeriphDriver/CH57x_gpio.o
 .debug_frame   0x00000000000001e4      0x114 ./StdPeriphDriver/CH57x_sys.o
 .debug_frame   0x00000000000002f8       0x9c ./StdPeriphDriver/CH57x_uart1.o
 .debug_frame   0x0000000000000394       0x20 c:/programfiles/mounriver/mounriver_studio/toolchain/risc-v embedded gcc/bin/../lib/gcc/riscv-none-embed/8.2.0/../../../../riscv-none-embed/lib/rv32imac/ilp32\libg_nano.a(lib_a-memcpy.o)
 .debug_frame   0x00000000000003b4       0x54 c:/programfiles/mounriver/mounriver_studio/toolchain/risc-v embedded gcc/bin/../lib/gcc/riscv-none-embed/8.2.0/../../../../riscv-none-embed/lib/rv32imac/ilp32\libg_nano.a(lib_a-printf.o)
 .debug_frame   0x0000000000000408       0x50 c:/programfiles/mounriver/mounriver_studio/toolchain/risc-v embedded gcc/bin/../lib/gcc/riscv-none-embed/8.2.0/../../../../riscv-none-embed/lib/rv32imac/ilp32\libg_nano.a(lib_a-putchar.o)
 .debug_frame   0x0000000000000458       0x54 c:/programfiles/mounriver/mounriver_studio/toolchain/risc-v embedded gcc/bin/../lib/gcc/riscv-none-embed/8.2.0/../../../../riscv-none-embed/lib/rv32imac/ilp32\libg_nano.a(lib_a-puts.o)
 .debug_frame   0x00000000000004ac       0x20 c:/programfiles/mounriver/mounriver_studio/toolchain/risc-v embedded gcc/bin/../lib/gcc/riscv-none-embed/8.2.0/../../../../riscv-none-embed/lib/rv32imac/ilp32\libg_nano.a(lib_a-strlen.o)
 .debug_frame   0x00000000000004cc       0x50 c:/programfiles/mounriver/mounriver_studio/toolchain/risc-v embedded gcc/bin/../lib/gcc/riscv-none-embed/8.2.0/../../../../riscv-none-embed/lib/rv32imac/ilp32\libg_nano.a(lib_a-wbuf.o)
 .debug_frame   0x000000000000051c       0x3c c:/programfiles/mounriver/mounriver_studio/toolchain/risc-v embedded gcc/bin/../lib/gcc/riscv-none-embed/8.2.0/../../../../riscv-none-embed/lib/rv32imac/ilp32\libg_nano.a(lib_a-wsetup.o)
 .debug_frame   0x0000000000000558       0x7c c:/programfiles/mounriver/mounriver_studio/toolchain/risc-v embedded gcc/bin/../lib/gcc/riscv-none-embed/8.2.0/../../../../riscv-none-embed/lib/rv32imac/ilp32\libg_nano.a(lib_a-fflush.o)
 .debug_frame   0x00000000000005d4      0x148 c:/programfiles/mounriver/mounriver_studio/toolchain/risc-v embedded gcc/bin/../lib/gcc/riscv-none-embed/8.2.0/../../../../riscv-none-embed/lib/rv32imac/ilp32\libg_nano.a(lib_a-findfp.o)
 .debug_frame   0x000000000000071c       0x88 c:/programfiles/mounriver/mounriver_studio/toolchain/risc-v embedded gcc/bin/../lib/gcc/riscv-none-embed/8.2.0/../../../../riscv-none-embed/lib/rv32imac/ilp32\libg_nano.a(lib_a-fwalk.o)
 .debug_frame   0x00000000000007a4       0x64 c:/programfiles/mounriver/mounriver_studio/toolchain/risc-v embedded gcc/bin/../lib/gcc/riscv-none-embed/8.2.0/../../../../riscv-none-embed/lib/rv32imac/ilp32\libg_nano.a(lib_a-makebuf.o)
 .debug_frame   0x0000000000000808       0x40 c:/programfiles/mounriver/mounriver_studio/toolchain/risc-v embedded gcc/bin/../lib/gcc/riscv-none-embed/8.2.0/../../../../riscv-none-embed/lib/rv32imac/ilp32\libg_nano.a(lib_a-nano-freer.o)
 .debug_frame   0x0000000000000848       0x40 c:/programfiles/mounriver/mounriver_studio/toolchain/risc-v embedded gcc/bin/../lib/gcc/riscv-none-embed/8.2.0/../../../../riscv-none-embed/lib/rv32imac/ilp32\libg_nano.a(lib_a-nano-mallocr.o)
 .debug_frame   0x0000000000000888       0xd0 c:/programfiles/mounriver/mounriver_studio/toolchain/risc-v embedded gcc/bin/../lib/gcc/riscv-none-embed/8.2.0/../../../../riscv-none-embed/lib/rv32imac/ilp32\libg_nano.a(lib_a-nano-vfprintf.o)
 .debug_frame   0x0000000000000958       0x8c c:/programfiles/mounriver/mounriver_studio/toolchain/risc-v embedded gcc/bin/../lib/gcc/riscv-none-embed/8.2.0/../../../../riscv-none-embed/lib/rv32imac/ilp32\libg_nano.a(lib_a-nano-vfprintf_i.o)
 .debug_frame   0x00000000000009e4       0x4c c:/programfiles/mounriver/mounriver_studio/toolchain/risc-v embedded gcc/bin/../lib/gcc/riscv-none-embed/8.2.0/../../../../riscv-none-embed/lib/rv32imac/ilp32\libg_nano.a(lib_a-putc.o)
 .debug_frame   0x0000000000000a30       0x30 c:/programfiles/mounriver/mounriver_studio/toolchain/risc-v embedded gcc/bin/../lib/gcc/riscv-none-embed/8.2.0/../../../../riscv-none-embed/lib/rv32imac/ilp32\libg_nano.a(lib_a-sbrkr.o)
 .debug_frame   0x0000000000000a60       0xa4 c:/programfiles/mounriver/mounriver_studio/toolchain/risc-v embedded gcc/bin/../lib/gcc/riscv-none-embed/8.2.0/../../../../riscv-none-embed/lib/rv32imac/ilp32\libg_nano.a(lib_a-stdio.o)
 .debug_frame   0x0000000000000b04       0x30 c:/programfiles/mounriver/mounriver_studio/toolchain/risc-v embedded gcc/bin/../lib/gcc/riscv-none-embed/8.2.0/../../../../riscv-none-embed/lib/rv32imac/ilp32\libg_nano.a(lib_a-writer.o)
 .debug_frame   0x0000000000000b34       0x30 c:/programfiles/mounriver/mounriver_studio/toolchain/risc-v embedded gcc/bin/../lib/gcc/riscv-none-embed/8.2.0/../../../../riscv-none-embed/lib/rv32imac/ilp32\libg_nano.a(lib_a-closer.o)
 .debug_frame   0x0000000000000b64       0x30 c:/programfiles/mounriver/mounriver_studio/toolchain/risc-v embedded gcc/bin/../lib/gcc/riscv-none-embed/8.2.0/../../../../riscv-none-embed/lib/rv32imac/ilp32\libg_nano.a(lib_a-fstatr.o)
 .debug_frame   0x0000000000000b94       0x30 c:/programfiles/mounriver/mounriver_studio/toolchain/risc-v embedded gcc/bin/../lib/gcc/riscv-none-embed/8.2.0/../../../../riscv-none-embed/lib/rv32imac/ilp32\libg_nano.a(lib_a-isattyr.o)
 .debug_frame   0x0000000000000bc4       0x30 c:/programfiles/mounriver/mounriver_studio/toolchain/risc-v embedded gcc/bin/../lib/gcc/riscv-none-embed/8.2.0/../../../../riscv-none-embed/lib/rv32imac/ilp32\libg_nano.a(lib_a-lseekr.o)
 .debug_frame   0x0000000000000bf4       0x20 c:/programfiles/mounriver/mounriver_studio/toolchain/risc-v embedded gcc/bin/../lib/gcc/riscv-none-embed/8.2.0/../../../../riscv-none-embed/lib/rv32imac/ilp32\libg_nano.a(lib_a-memchr.o)
 .debug_frame   0x0000000000000c14       0x30 c:/programfiles/mounriver/mounriver_studio/toolchain/risc-v embedded gcc/bin/../lib/gcc/riscv-none-embed/8.2.0/../../../../riscv-none-embed/lib/rv32imac/ilp32\libg_nano.a(lib_a-mlock.o)
 .debug_frame   0x0000000000000c44       0x30 c:/programfiles/mounriver/mounriver_studio/toolchain/risc-v embedded gcc/bin/../lib/gcc/riscv-none-embed/8.2.0/../../../../riscv-none-embed/lib/rv32imac/ilp32\libg_nano.a(lib_a-readr.o)
 .debug_frame   0x0000000000000c74       0x70 c:/programfiles/mounriver/mounriver_studio/toolchain/risc-v embedded gcc/bin/../lib/gcc/riscv-none-embed/8.2.0/../../../../riscv-none-embed/lib/rv32imac/ilp32\libg_nano.a(lib_a-reent.o)
 .debug_frame   0x0000000000000ce4       0x20 c:/programfiles/mounriver/mounriver_studio/toolchain/risc-v embedded gcc/bin/../lib/gcc/riscv-none-embed/8.2.0/../../../../riscv-none-embed/lib/rv32imac/ilp32\libnosys.a(close.o)
 .debug_frame   0x0000000000000d04       0x20 c:/programfiles/mounriver/mounriver_studio/toolchain/risc-v embedded gcc/bin/../lib/gcc/riscv-none-embed/8.2.0/../../../../riscv-none-embed/lib/rv32imac/ilp32\libnosys.a(fstat.o)
 .debug_frame   0x0000000000000d24       0x20 c:/programfiles/mounriver/mounriver_studio/toolchain/risc-v embedded gcc/bin/../lib/gcc/riscv-none-embed/8.2.0/../../../../riscv-none-embed/lib/rv32imac/ilp32\libnosys.a(isatty.o)
 .debug_frame   0x0000000000000d44       0x20 c:/programfiles/mounriver/mounriver_studio/toolchain/risc-v embedded gcc/bin/../lib/gcc/riscv-none-embed/8.2.0/../../../../riscv-none-embed/lib/rv32imac/ilp32\libnosys.a(lseek.o)
 .debug_frame   0x0000000000000d64       0x20 c:/programfiles/mounriver/mounriver_studio/toolchain/risc-v embedded gcc/bin/../lib/gcc/riscv-none-embed/8.2.0/../../../../riscv-none-embed/lib/rv32imac/ilp32\libnosys.a(read.o)
 .debug_frame   0x0000000000000d84       0x20 c:/programfiles/mounriver/mounriver_studio/toolchain/risc-v embedded gcc/bin/../lib/gcc/riscv-none-embed/8.2.0/../../../../riscv-none-embed/lib/rv32imac/ilp32\libnosys.a(sbrk.o)

.stab           0x0000000000000000       0x84
 .stab          0x0000000000000000       0x24 c:/programfiles/mounriver/mounriver_studio/toolchain/risc-v embedded gcc/bin/../lib/gcc/riscv-none-embed/8.2.0/../../../../riscv-none-embed/lib/rv32imac/ilp32\libnosys.a(close.o)
 .stab          0x0000000000000024       0x18 c:/programfiles/mounriver/mounriver_studio/toolchain/risc-v embedded gcc/bin/../lib/gcc/riscv-none-embed/8.2.0/../../../../riscv-none-embed/lib/rv32imac/ilp32\libnosys.a(fstat.o)
                                         0x24 (size before relaxing)
 .stab          0x000000000000003c       0x18 c:/programfiles/mounriver/mounriver_studio/toolchain/risc-v embedded gcc/bin/../lib/gcc/riscv-none-embed/8.2.0/../../../../riscv-none-embed/lib/rv32imac/ilp32\libnosys.a(isatty.o)
                                         0x24 (size before relaxing)
 .stab          0x0000000000000054       0x18 c:/programfiles/mounriver/mounriver_studio/toolchain/risc-v embedded gcc/bin/../lib/gcc/riscv-none-embed/8.2.0/../../../../riscv-none-embed/lib/rv32imac/ilp32\libnosys.a(lseek.o)
                                         0x24 (size before relaxing)
 .stab          0x000000000000006c       0x18 c:/programfiles/mounriver/mounriver_studio/toolchain/risc-v embedded gcc/bin/../lib/gcc/riscv-none-embed/8.2.0/../../../../riscv-none-embed/lib/rv32imac/ilp32\libnosys.a(read.o)
                                         0x24 (size before relaxing)

.stabstr        0x0000000000000000      0x117
 .stabstr       0x0000000000000000      0x117 c:/programfiles/mounriver/mounriver_studio/toolchain/risc-v embedded gcc/bin/../lib/gcc/riscv-none-embed/8.2.0/../../../../riscv-none-embed/lib/rv32imac/ilp32\libnosys.a(close.o)
