Archive member included to satisfy reference by file (symbol)

D:\DATA\Electronic\MCU&MPU&DSP\32bit\«ﬂ∫„WCH\CH573_CH571\CH573EVT\EVT\EXAM\SRC\StdPeriphDriver\libISP573.a(ISP573.o)
                              ./StdPeriphDriver/CH57x_pwr.o (FLASH_EEPROM_CMD)
c:/programfiles/mounriver/mounriver_studio/toolchain/risc-v embedded gcc/bin/../lib/gcc/riscv-none-embed/8.2.0/rv32imac/ilp32\libgcc.a(muldf3.o)
                              ./StdPeriphDriver/CH57x_clk.o (__muldf3)
c:/programfiles/mounriver/mounriver_studio/toolchain/risc-v embedded gcc/bin/../lib/gcc/riscv-none-embed/8.2.0/rv32imac/ilp32\libgcc.a(floatsidf.o)
                              ./StdPeriphDriver/CH57x_clk.o (__floatsidf)
c:/programfiles/mounriver/mounriver_studio/toolchain/risc-v embedded gcc/bin/../lib/gcc/riscv-none-embed/8.2.0/rv32imac/ilp32\libgcc.a(mulsf3.o)
                              ./StdPeriphDriver/CH57x_clk.o (__mulsf3)
c:/programfiles/mounriver/mounriver_studio/toolchain/risc-v embedded gcc/bin/../lib/gcc/riscv-none-embed/8.2.0/rv32imac/ilp32\libgcc.a(fixsfsi.o)
                              ./StdPeriphDriver/CH57x_clk.o (__fixsfsi)
c:/programfiles/mounriver/mounriver_studio/toolchain/risc-v embedded gcc/bin/../lib/gcc/riscv-none-embed/8.2.0/rv32imac/ilp32\libgcc.a(floatsisf.o)
                              ./StdPeriphDriver/CH57x_clk.o (__floatsisf)
c:/programfiles/mounriver/mounriver_studio/toolchain/risc-v embedded gcc/bin/../lib/gcc/riscv-none-embed/8.2.0/rv32imac/ilp32\libgcc.a(truncdfsf2.o)
                              ./StdPeriphDriver/CH57x_clk.o (__truncdfsf2)
c:/programfiles/mounriver/mounriver_studio/toolchain/risc-v embedded gcc/bin/../lib/gcc/riscv-none-embed/8.2.0/rv32imac/ilp32\libgcc.a(_clzsi2.o)
                              c:/programfiles/mounriver/mounriver_studio/toolchain/risc-v embedded gcc/bin/../lib/gcc/riscv-none-embed/8.2.0/rv32imac/ilp32\libgcc.a(muldf3.o) (__clzsi2)
c:/programfiles/mounriver/mounriver_studio/toolchain/risc-v embedded gcc/bin/../lib/gcc/riscv-none-embed/8.2.0/rv32imac/ilp32\libgcc.a(_clz.o)
                              c:/programfiles/mounriver/mounriver_studio/toolchain/risc-v embedded gcc/bin/../lib/gcc/riscv-none-embed/8.2.0/rv32imac/ilp32\libgcc.a(_clzsi2.o) (__clz_tab)
c:/programfiles/mounriver/mounriver_studio/toolchain/risc-v embedded gcc/bin/../lib/gcc/riscv-none-embed/8.2.0/../../../../riscv-none-embed/lib/rv32imac/ilp32\libg_nano.a(lib_a-memcpy.o)
                              ./src/Main.o (memcpy)
c:/programfiles/mounriver/mounriver_studio/toolchain/risc-v embedded gcc/bin/../lib/gcc/riscv-none-embed/8.2.0/../../../../riscv-none-embed/lib/rv32imac/ilp32\libg_nano.a(lib_a-puts.o)
                              ./src/Main.o (puts)
c:/programfiles/mounriver/mounriver_studio/toolchain/risc-v embedded gcc/bin/../lib/gcc/riscv-none-embed/8.2.0/../../../../riscv-none-embed/lib/rv32imac/ilp32\libg_nano.a(lib_a-wbuf.o)
                              c:/programfiles/mounriver/mounriver_studio/toolchain/risc-v embedded gcc/bin/../lib/gcc/riscv-none-embed/8.2.0/../../../../riscv-none-embed/lib/rv32imac/ilp32\libg_nano.a(lib_a-puts.o) (__swbuf_r)
c:/programfiles/mounriver/mounriver_studio/toolchain/risc-v embedded gcc/bin/../lib/gcc/riscv-none-embed/8.2.0/../../../../riscv-none-embed/lib/rv32imac/ilp32\libg_nano.a(lib_a-wsetup.o)
                              c:/programfiles/mounriver/mounriver_studio/toolchain/risc-v embedded gcc/bin/../lib/gcc/riscv-none-embed/8.2.0/../../../../riscv-none-embed/lib/rv32imac/ilp32\libg_nano.a(lib_a-puts.o) (__swsetup_r)
c:/programfiles/mounriver/mounriver_studio/toolchain/risc-v embedded gcc/bin/../lib/gcc/riscv-none-embed/8.2.0/../../../../riscv-none-embed/lib/rv32imac/ilp32\libg_nano.a(lib_a-fflush.o)
                              c:/programfiles/mounriver/mounriver_studio/toolchain/risc-v embedded gcc/bin/../lib/gcc/riscv-none-embed/8.2.0/../../../../riscv-none-embed/lib/rv32imac/ilp32\libg_nano.a(lib_a-wbuf.o) (_fflush_r)
c:/programfiles/mounriver/mounriver_studio/toolchain/risc-v embedded gcc/bin/../lib/gcc/riscv-none-embed/8.2.0/../../../../riscv-none-embed/lib/rv32imac/ilp32\libg_nano.a(lib_a-findfp.o)
                              c:/programfiles/mounriver/mounriver_studio/toolchain/risc-v embedded gcc/bin/../lib/gcc/riscv-none-embed/8.2.0/../../../../riscv-none-embed/lib/rv32imac/ilp32\libg_nano.a(lib_a-puts.o) (__sinit)
c:/programfiles/mounriver/mounriver_studio/toolchain/risc-v embedded gcc/bin/../lib/gcc/riscv-none-embed/8.2.0/../../../../riscv-none-embed/lib/rv32imac/ilp32\libg_nano.a(lib_a-fwalk.o)
                              c:/programfiles/mounriver/mounriver_studio/toolchain/risc-v embedded gcc/bin/../lib/gcc/riscv-none-embed/8.2.0/../../../../riscv-none-embed/lib/rv32imac/ilp32\libg_nano.a(lib_a-findfp.o) (_fwalk)
c:/programfiles/mounriver/mounriver_studio/toolchain/risc-v embedded gcc/bin/../lib/gcc/riscv-none-embed/8.2.0/../../../../riscv-none-embed/lib/rv32imac/ilp32\libg_nano.a(lib_a-impure.o)
[...]
Memory Configuration

Name             Origin             Length             Attributes
FLASH            0x0000000000000000 0x0000000000070000 xr
RAM              0x0000000020003800 0x0000000000004800 xrw
*default*        0x0000000000000000 0xffffffffffffffff

Linker script and memory map

LOAD ./src/Main.o
LOAD ./StdPeriphDriver/CH57x_clk.o
LOAD ./StdPeriphDriver/CH57x_flash.o
LOAD ./StdPeriphDriver/CH57x_gpio.o
LOAD ./StdPeriphDriver/CH57x_pwr.o
LOAD ./StdPeriphDriver/CH57x_sys.o
LOAD ./StdPeriphDriver/CH57x_uart0.o
LOAD ./StdPeriphDriver/CH57x_uart1.o
LOAD ./StdPeriphDriver/CH57x_usbdev.o
LOAD ./Startup/startup_CH573.o
LOAD ./RVMSIS/core_riscv.o
LOAD D:\DATA\Electronic\MCU&MPU&DSP\32bit\«ﬂ∫„WCH\CH573_CH571\CH573EVT\EVT\EXAM\SRC\StdPeriphDriver\libISP573.a
LOAD c:/programfiles/mounriver/mounriver_studio/toolchain/risc-v embedded gcc/bin/../lib/gcc/riscv-none-embed/8.2.0/rv32imac/ilp32\libgcc.a
LOAD c:/programfiles/mounriver/mounriver_studio/toolchain/risc-v embedded gcc/bin/../lib/gcc/riscv-none-embed/8.2.0/../../../../riscv-none-embed/lib/rv32imac/ilp32\libg_nano.a
LOAD c:/programfiles/mounriver/mounriver_studio/toolchain/risc-v embedded gcc/bin/../lib/gcc/riscv-none-embed/8.2.0/../../../../riscv-none-embed/lib/rv32imac/ilp32\libc_nano.a
LOAD c:/programfiles/mounriver/mounriver_studio/toolchain/risc-v embedded gcc/bin/../lib/gcc/riscv-none-embed/8.2.0/rv32imac/ilp32\libgcc.a
START GROUP
LOAD c:/programfiles/mounriver/mounriver_studio/toolchain/risc-v embedded gcc/bin/../lib/gcc/riscv-none-embed/8.2.0/rv32imac/ilp32\libgcc.a
LOAD c:/programfiles/mounriver/mounriver_studio/toolchain/risc-v embedded gcc/bin/../lib/gcc/riscv-none-embed/8.2.0/../../../../riscv-none-embed/lib/rv32imac/ilp32\libc_nano.a
LOAD c:/programfiles/mounriver/mounriver_studio/toolchain/risc-v embedded gcc/bin/../lib/gcc/riscv-none-embed/8.2.0/../../../../riscv-none-embed/lib/rv32imac/ilp32\libnosys.a
END GROUP
START GROUP
LOAD c:/programfiles/mounriver/mounriver_studio/toolchain/risc-v embedded gcc/bin/../lib/gcc/riscv-none-embed/8.2.0/rv32imac/ilp32\libgcc.a
LOAD c:/programfiles/mounriver/mounriver_studio/toolchain/risc-v embedded gcc/bin/../lib/gcc/riscv-none-embed/8.2.0/../../../../riscv-none-embed/lib/rv32imac/ilp32\libc_nano.a
LOAD c:/programfiles/mounriver/mounriver_studio/toolchain/risc-v embedded gcc/bin/../lib/gcc/riscv-none-embed/8.2.0/../../../../riscv-none-embed/lib/rv32imac/ilp32\libnosys.a
END GROUP

.init           0x0000000000000000        0x4
                0x0000000000000000                _sinit = .
                0x0000000000000000                . = ALIGN (0x4)
 *(SORT_NONE(.init))
 .init          0x0000000000000000        0x4 ./Startup/startup_CH573.o
                0x0000000000000000                _start
                0x0000000000000004                . = ALIGN (0x4)
                0x0000000000000004                _einit = .

.highcodelalign
                0x0000000000000004        0x0
                0x0000000000000004                . = ALIGN (0x4)
                0x0000000000000004                PROVIDE (_highcode_lma = .)

.highcode       0x0000000020003800      0x660 load address 0x0000000000000004
                0x0000000020003800                . = ALIGN (0x4)
                0x0000000020003800                PROVIDE (_highcode_vma_start = .)
 *(.vector)
 .vector        0x0000000020003800       0x90 ./Startup/startup_CH573.o
 *(SORT_NONE(.vector_handler))
 .vector_handler
                0x0000000020003890       0x2c ./Startup/startup_CH573.o
                0x0000000020003890                NMI_Handler
                0x0000000020003894                SysTick_Handler
                0x0000000020003896                SW_Handler
                0x0000000020003898                TMR0_IRQHandler
                0x000000002000389a                GPIOA_IRQHandler
                0x000000002000389c                GPIOB_IRQHandler
                0x000000002000389e                SPI0_IRQHandler
                0x00000000200038a0                BB_IRQHandler
                0x00000000200038a2                LLE_IRQHandler
                0x00000000200038a6                TMR1_IRQHandler
                0x00000000200038a8                TMR2_IRQHandler
                0x00000000200038aa                UART0_IRQHandler
                0x00000000200038ac                UART1_IRQHandler
                0x00000000200038ae                RTC_IRQHandler
                0x00000000200038b0                ADC_IRQHandler
                0x00000000200038b2                PWMX_IRQHandler
                0x00000000200038b4                TMR3_IRQHandler
                0x00000000200038b6                UART2_IRQHandler
                0x00000000200038b8                UART3_IRQHandler
                0x00000000200038ba                WDOG_BAT_IRQHandler
 *(.highcode)
 .highcode      0x00000000200038bc        0xc ./src/Main.o
                0x00000000200038bc                USB_IRQHandler
 .highcode      0x00000000200038c8      0x1a8 ./StdPeriphDriver/CH57x_sys.o
                0x00000000200038c8                SetSysClock
                0x00000000200039c4                SYS_ResetExecute
                0x00000000200039fc                HardFault_Handler
                0x0000000020003a3a                mDelayuS
                0x0000000020003a48                mDelaymS
 .highcode      0x0000000020003a70      0x3ee D:\DATA\Electronic\MCU&MPU&DSP\32bit\«ﬂ∫„WCH\CH573_CH571\CH573EVT\EVT\EXAM\SRC\StdPeriphDriver\libISP573.a(ISP573.o)
                0x0000000020003a70                FLASH_ROM_BEG
                0x0000000020003a82                FLASH_ROM_END
                0x0000000020003a90                FLASH_ROM_IN
                0x0000000020003a9e                FLASH_ROM_OUT
                0x0000000020003aac                FLASH_ROM_ADDR
                0x0000000020003af4                FLASH_ROM_WAIT
                0x0000000020003b2c                FLASH_EEPROM_CMD
 *(.highcode.*)
                0x0000000020003e60                . = ALIGN (0x4)
 *fill*         0x0000000020003e5e        0x2 
                0x0000000020003e60                PROVIDE (_highcode_vma_end = .)

.text           0x0000000000000664     0x1634
                0x0000000000000664                . = ALIGN (0x4)
 *(SORT_NONE(.handle_reset))
 .handle_reset  0x0000000000000664       0x9e ./Startup/startup_CH573.o
                0x0000000000000664                handle_reset
 *(.text)
 .text          0x0000000000000702       0xa8 c:/programfiles/mounriver/mounriver_studio/toolchain/risc-v embedded gcc/bin/../lib/gcc/riscv-none-embed/8.2.0/../../../../riscv-none-embed/lib/rv32imac/ilp32\libg_nano.a(lib_a-memset.o)
                0x0000000000000702                memset
 *(.text.*)
 .text.DebugInit
                0x00000000000007aa       0x2a ./src/Main.o
                0x00000000000007aa                DebugInit
 .text.startup.main
                0x00000000000007d4       0x4e ./src/Main.o
                0x00000000000007d4                main
 .text.DevEP1_OUT_Deal
                0x0000000000000822       0x24 ./src/Main.o
                0x0000000000000822                DevEP1_OUT_Deal
 .text.DevEP2_OUT_Deal
                0x0000000000000846       0x24 ./src/Main.o
                0x0000000000000846                DevEP2_OUT_Deal
 .text.DevEP3_OUT_Deal
                0x000000000000086a       0x24 ./src/Main.o
                0x000000000000086a                DevEP3_OUT_Deal
 .text.DevEP4_OUT_Deal
                0x000000000000088e       0x24 ./src/Main.o
                0x000000000000088e                DevEP4_OUT_Deal
 .text.USB_DevTransProcess
                0x00000000000008b2      0x48c ./src/Main.o
                0x00000000000008b2                USB_DevTransProcess
 .text.GPIOA_ModeCfg
                0x0000000000000d3e       0xa6 ./StdPeriphDriver/CH57x_gpio.o
                0x0000000000000d3e                GPIOA_ModeCfg
 .text.GetSysClock
                0x0000000000000de4       0x42 ./StdPeriphDriver/CH57x_sys.o
                0x0000000000000de4                GetSysClock
 .text._write   0x0000000000000e26       0x28 ./StdPeriphDriver/CH57x_sys.o
                0x0000000000000e26                _write
 .text.UART1_BaudRateCfg
                0x0000000000000e4e       0x30 ./StdPeriphDriver/CH57x_uart1.o
                0x0000000000000e4e                UART1_BaudRateCfg
 .text.UART1_DefInit
                0x0000000000000e7e       0x32 ./StdPeriphDriver/CH57x_uart1.o
                0x0000000000000e7e                UART1_DefInit
 .text.USB_DeviceInit
                0x0000000000000eb0       0x7e ./StdPeriphDriver/CH57x_usbdev.o
                0x0000000000000eb0                USB_DeviceInit
 .text.DevEP1_IN_Deal
                0x0000000000000f2e       0x16 ./StdPeriphDriver/CH57x_usbdev.o
                0x0000000000000f2e                DevEP1_IN_Deal
 .text.DevEP2_IN_Deal
                0x0000000000000f44       0x16 ./StdPeriphDriver/CH57x_usbdev.o
                0x0000000000000f44                DevEP2_IN_Deal
 .text.DevEP3_IN_Deal
                0x0000000000000f5a       0x16 ./StdPeriphDriver/CH57x_usbdev.o
                0x0000000000000f5a                DevEP3_IN_Deal
 .text.DevEP4_IN_Deal
                0x0000000000000f70       0x16 ./StdPeriphDriver/CH57x_usbdev.o
                0x0000000000000f70                DevEP4_IN_Deal
 .text.memcpy   0x0000000000000f86       0xb6 c:/programfiles/mounriver/mounriver_studio/toolchain/risc-v embedded gcc/bin/../lib/gcc/riscv-none-embed/8.2.0/../../../../riscv-none-embed/lib/rv32imac/ilp32\libg_nano.a(lib_a-memcpy.o)
                0x0000000000000f86                memcpy
 .text._puts_r  0x000000000000103c       0xda c:/programfiles/mounriver/mounriver_studio/toolchain/risc-v embedded gcc/bin/../lib/gcc/riscv-none-embed/8.2.0/../../../../riscv-none-embed/lib/rv32imac/ilp32\libg_nano.a(lib_a-puts.o)
                0x000000000000103c                _puts_r
 .text.puts     0x0000000000001116        0xe c:/programfiles/mounriver/mounriver_studio/toolchain/risc-v embedded gcc/bin/../lib/gcc/riscv-none-embed/8.2.0/../../../../riscv-none-embed/lib/rv32imac/ilp32\libg_nano.a(lib_a-puts.o)
                0x0000000000001116                puts
 .text.__swbuf_r
                0x0000000000001124       0xc0 c:/programfiles/mounriver/mounriver_studio/toolchain/risc-v embedded gcc/bin/../lib/gcc/riscv-none-embed/8.2.0/../../../../riscv-none-embed/lib/rv32imac/ilp32\libg_nano.a(lib_a-wbuf.o)
                0x0000000000001124                __swbuf_r
 .text.__swsetup_r
                0x00000000000011e4      0x110 c:/programfiles/mounriver/mounriver_studio/toolchain/risc-v embedded gcc/bin/../lib/gcc/riscv-none-embed/8.2.0/../../../../riscv-none-embed/lib/rv32imac/ilp32\libg_nano.a(lib_a-wsetup.o)
                0x00000000000011e4                __swsetup_r
 .text.__sflush_r
                0x00000000000012f4      0x13c c:/programfiles/mounriver/mounriver_studio/toolchain/risc-v embedded gcc/bin/../lib/gcc/riscv-none-embed/8.2.0/../../../../riscv-none-embed/lib/rv32imac/ilp32\libg_nano.a(lib_a-fflush.o)
                0x00000000000012f4                __sflush_r
 .text._fflush_r
                0x0000000000001430       0x64 c:/programfiles/mounriver/mounriver_studio/toolchain/risc-v embedded gcc/bin/../lib/gcc/riscv-none-embed/8.2.0/../../../../riscv-none-embed/lib/rv32imac/ilp32\libg_nano.a(lib_a-fflush.o)
                0x0000000000001430                _fflush_r
 .text.std      0x0000000000001494       0x6a c:/programfiles/mounriver/mounriver_studio/toolchain/risc-v embedded gcc/bin/../lib/gcc/riscv-none-embed/8.2.0/../../../../riscv-none-embed/lib/rv32imac/ilp32\libg_nano.a(lib_a-findfp.o)
 .text._cleanup_r
                0x00000000000014fe        0xa c:/programfiles/mounriver/mounriver_studio/toolchain/risc-v embedded gcc/bin/../lib/gcc/riscv-none-embed/8.2.0/../../../../riscv-none-embed/lib/rv32imac/ilp32\libg_nano.a(lib_a-findfp.o)
                0x00000000000014fe                _cleanup_r
 .text.__sfmoreglue
                0x0000000000001508       0x46 c:/programfiles/mounriver/mounriver_studio/toolchain/risc-v embedded gcc/bin/../lib/gcc/riscv-none-embed/8.2.0/../../../../riscv-none-embed/lib/rv32imac/ilp32\libg_nano.a(lib_a-findfp.o)
                0x0000000000001508                __sfmoreglue
 .text.__sinit  0x000000000000154e       0x6a c:/programfiles/mounriver/mounriver_studio/toolchain/risc-v embedded gcc/bin/../lib/gcc/riscv-none-embed/8.2.0/../../../../riscv-none-embed/lib/rv32imac/ilp32\libg_nano.a(lib_a-findfp.o)
                0x000000000000154e                __sinit
 .text.__sfp    0x00000000000015b8       0xa0 c:/programfiles/mounriver/mounriver_studio/toolchain/risc-v embedded gcc/bin/../lib/gcc/riscv-none-embed/8.2.0/../../../../riscv-none-embed/lib/rv32imac/ilp32\libg_nano.a(lib_a-findfp.o)
                0x00000000000015b8                __sfp
 .text._fwalk_reent
                0x0000000000001658       0x6c c:/programfiles/mounriver/mounriver_studio/toolchain/risc-v embedded gcc/bin/../lib/gcc/riscv-none-embed/8.2.0/../../../../riscv-none-embed/lib/rv32imac/ilp32\libg_nano.a(lib_a-fwalk.o)
                0x0000000000001658                _fwalk_reent
 .text.__swhatbuf_r
                0x00000000000016c4       0x58 c:/programfiles/mounriver/mounriver_studio/toolchain/risc-v embedded gcc/bin/../lib/gcc/riscv-none-embed/8.2.0/../../../../riscv-none-embed/lib/rv32imac/ilp32\libg_nano.a(lib_a-makebuf.o)
                0x00000000000016c4                __swhatbuf_r
 .text.__smakebuf_r
                0x000000000000171c       0x9c c:/programfiles/mounriver/mounriver_studio/toolchain/risc-v embedded gcc/bin/../lib/gcc/riscv-none-embed/8.2.0/../../../../riscv-none-embed/lib/rv32imac/ilp32\libg_nano.a(lib_a-makebuf.o)
                0x000000000000171c                __smakebuf_r
 .text._free_r  0x00000000000017b8       0xa4 c:/programfiles/mounriver/mounriver_studio/toolchain/risc-v embedded gcc/bin/../lib/gcc/riscv-none-embed/8.2.0/../../../../riscv-none-embed/lib/rv32imac/ilp32\libg_nano.a(lib_a-nano-freer.o)
                0x00000000000017b8                _free_r
 .text._malloc_r
                0x000000000000185c       0xce c:/programfiles/mounriver/mounriver_studio/toolchain/risc-v embedded gcc/bin/../lib/gcc/riscv-none-embed/8.2.0/../../../../riscv-none-embed/lib/rv32imac/ilp32\libg_nano.a(lib_a-nano-mallocr.o)
                0x000000000000185c                _malloc_r
 .text._sbrk_r  0x000000000000192a       0x28 c:/programfiles/mounriver/mounriver_studio/toolchain/risc-v embedded gcc/bin/../lib/gcc/riscv-none-embed/8.2.0/../../../../riscv-none-embed/lib/rv32imac/ilp32\libg_nano.a(lib_a-sbrkr.o)
                0x000000000000192a                _sbrk_r
 .text.__sread  0x0000000000001952       0x30 c:/programfiles/mounriver/mounriver_studio/toolchain/risc-v embedded gcc/bin/../lib/gcc/riscv-none-embed/8.2.0/../../../../riscv-none-embed/lib/rv32imac/ilp32\libg_nano.a(lib_a-stdio.o)
                0x0000000000001952                __sread
 .text.__swrite
                0x0000000000001982       0x4e c:/programfiles/mounriver/mounriver_studio/toolchain/risc-v embedded gcc/bin/../lib/gcc/riscv-none-embed/8.2.0/../../../../riscv-none-embed/lib/rv32imac/ilp32\libg_nano.a(lib_a-stdio.o)
                0x0000000000001982                __swrite
 .text.__sseek  0x00000000000019d0       0x36 c:/programfiles/mounriver/mounriver_studio/toolchain/risc-v embedded gcc/bin/../lib/gcc/riscv-none-embed/8.2.0/../../../../riscv-none-embed/lib/rv32imac/ilp32\libg_nano.a(lib_a-stdio.o)
                0x00000000000019d0                __sseek
 .text.__sclose
                0x0000000000001a06        0x6 c:/programfiles/mounriver/mounriver_studio/toolchain/risc-v embedded gcc/bin/../lib/gcc/riscv-none-embed/8.2.0/../../../../riscv-none-embed/lib/rv32imac/ilp32\libg_nano.a(lib_a-stdio.o)
                0x0000000000001a06                __sclose
 .text._write_r
                0x0000000000001a0c       0x2e c:/programfiles/mounriver/mounriver_studio/toolchain/risc-v embedded gcc/bin/../lib/gcc/riscv-none-embed/8.2.0/../../../../riscv-none-embed/lib/rv32imac/ilp32\libg_nano.a(lib_a-writer.o)
                0x0000000000001a0c                _write_r
 .text._close_r
                0x0000000000001a3a       0x28 c:/programfiles/mounriver/mounriver_studio/toolchain/risc-v embedded gcc/bin/../lib/gcc/riscv-none-embed/8.2.0/../../../../riscv-none-embed/lib/rv32imac/ilp32\libg_nano.a(lib_a-closer.o)
                0x0000000000001a3a                _close_r
 .text._fstat_r
                0x0000000000001a62       0x2a c:/programfiles/mounriver/mounriver_studio/toolchain/risc-v embedded gcc/bin/../lib/gcc/riscv-none-embed/8.2.0/../../../../riscv-none-embed/lib/rv32imac/ilp32\libg_nano.a(lib_a-fstatr.o)
                0x0000000000001a62                _fstat_r
 .text._isatty_r
                0x0000000000001a8c       0x28 c:/programfiles/mounriver/mounriver_studio/toolchain/risc-v embedded gcc/bin/../lib/gcc/riscv-none-embed/8.2.0/../../../../riscv-none-embed/lib/rv32imac/ilp32\libg_nano.a(lib_a-isattyr.o)
                0x0000000000001a8c                _isatty_r
 .text._lseek_r
                0x0000000000001ab4       0x2c c:/programfiles/mounriver/mounriver_studio/toolchain/risc-v embedded gcc/bin/../lib/gcc/riscv-none-embed/8.2.0/../../../../riscv-none-embed/lib/rv32imac/ilp32\libg_nano.a(lib_a-lseekr.o)
                0x0000000000001ab4                _lseek_r
 .text.__malloc_lock
                0x0000000000001ae0        0x2 c:/programfiles/mounriver/mounriver_studio/toolchain/risc-v embedded gcc/bin/../lib/gcc/riscv-none-embed/8.2.0/../../../../riscv-none-embed/lib/rv32imac/ilp32\libg_nano.a(lib_a-mlock.o)
                0x0000000000001ae0                __malloc_lock
 .text.__malloc_unlock
                0x0000000000001ae2        0x2 c:/programfiles/mounriver/mounriver_studio/toolchain/risc-v embedded gcc/bin/../lib/gcc/riscv-none-embed/8.2.0/../../../../riscv-none-embed/lib/rv32imac/ilp32\libg_nano.a(lib_a-mlock.o)
                0x0000000000001ae2                __malloc_unlock
 .text._read_r  0x0000000000001ae4       0x2c c:/programfiles/mounriver/mounriver_studio/toolchain/risc-v embedded gcc/bin/../lib/gcc/riscv-none-embed/8.2.0/../../../../riscv-none-embed/lib/rv32imac/ilp32\libg_nano.a(lib_a-readr.o)
                0x0000000000001ae4                _read_r
 .text._close   0x0000000000001b10        0xc c:/programfiles/mounriver/mounriver_studio/toolchain/risc-v embedded gcc/bin/../lib/gcc/riscv-none-embed/8.2.0/../../../../riscv-none-embed/lib/rv32imac/ilp32\libnosys.a(close.o)
                0x0000000000001b10                _close
 .text._fstat   0x0000000000001b1c        0xc c:/programfiles/mounriver/mounriver_studio/toolchain/risc-v embedded gcc/bin/../lib/gcc/riscv-none-embed/8.2.0/../../../../riscv-none-embed/lib/rv32imac/ilp32\libnosys.a(fstat.o)
                0x0000000000001b1c                _fstat
 .text._isatty  0x0000000000001b28        0xc c:/programfiles/mounriver/mounriver_studio/toolchain/risc-v embedded gcc/bin/../lib/gcc/riscv-none-embed/8.2.0/../../../../riscv-none-embed/lib/rv32imac/ilp32\libnosys.a(isatty.o)
                0x0000000000001b28                _isatty
 .text._lseek   0x0000000000001b34        0xc c:/programfiles/mounriver/mounriver_studio/toolchain/risc-v embedded gcc/bin/../lib/gcc/riscv-none-embed/8.2.0/../../../../riscv-none-embed/lib/rv32imac/ilp32\libnosys.a(lseek.o)
                0x0000000000001b34                _lseek
 .text._read    0x0000000000001b40        0xc c:/programfiles/mounriver/mounriver_studio/toolchain/risc-v embedded gcc/bin/../lib/gcc/riscv-none-embed/8.2.0/../../../../riscv-none-embed/lib/rv32imac/ilp32\libnosys.a(read.o)
                0x0000000000001b40                _read
 .text._sbrk    0x0000000000001b4c       0x20 c:/programfiles/mounriver/mounriver_studio/toolchain/risc-v embedded gcc/bin/../lib/gcc/riscv-none-embed/8.2.0/../../../../riscv-none-embed/lib/rv32imac/ilp32\libnosys.a(sbrk.o)
                0x0000000000001b4c                _sbrk
 *(.rodata)
 *(.rodata*)
 .rodata.USB_DevTransProcess
                0x0000000000001b6c       0x2c ./src/Main.o
 .rodata.MyCfgDescr
                0x0000000000001b98       0x4a ./src/Main.o
                0x0000000000001b98                MyCfgDescr
 *fill*         0x0000000000001be2        0x2 
 .rodata.MyDevDescr
                0x0000000000001be4       0x12 ./src/Main.o
                0x0000000000001be4                MyDevDescr
 *fill*         0x0000000000001bf6        0x2 
 .rodata.MyManuInfo
                0x0000000000001bf8        0xe ./src/Main.o
                0x0000000000001bf8                MyManuInfo
 *fill*         0x0000000000001c06        0x2 
 .rodata.MyProdInfo
                0x0000000000001c08        0xc ./src/Main.o
                0x0000000000001c08                MyProdInfo
 .rodata.main.str1.4
                0x0000000000001c14        0x8 ./src/Main.o
                                          0x6 (size before relaxing)
 .rodata.GPIOA_ModeCfg
                0x0000000000001c1c       0x14 ./StdPeriphDriver/CH57x_gpio.o
 .rodata.__sf_fake_stderr
                0x0000000000001c30       0x20 c:/programfiles/mounriver/mounriver_studio/toolchain/risc-v embedded gcc/bin/../lib/gcc/riscv-none-embed/8.2.0/../../../../riscv-none-embed/lib/rv32imac/ilp32\libg_nano.a(lib_a-findfp.o)
                0x0000000000001c30                __sf_fake_stderr
 .rodata.__sf_fake_stdin
                0x0000000000001c50       0x20 c:/programfiles/mounriver/mounriver_studio/toolchain/risc-v embedded gcc/bin/../lib/gcc/riscv-none-embed/8.2.0/../../../../riscv-none-embed/lib/rv32imac/ilp32\libg_nano.a(lib_a-findfp.o)
                0x0000000000001c50                __sf_fake_stdin
 .rodata.__sf_fake_stdout
                0x0000000000001c70       0x20 c:/programfiles/mounriver/mounriver_studio/toolchain/risc-v embedded gcc/bin/../lib/gcc/riscv-none-embed/8.2.0/../../../../riscv-none-embed/lib/rv32imac/ilp32\libg_nano.a(lib_a-findfp.o)
                0x0000000000001c70                __sf_fake_stdout
 *(.sdata2.*)
 .sdata2.MyLangDescr
                0x0000000000001c90        0x4 ./src/Main.o
                0x0000000000001c90                MyLangDescr
 .sdata2._global_impure_ptr
                0x0000000000001c94        0x4 c:/programfiles/mounriver/mounriver_studio/toolchain/risc-v embedded gcc/bin/../lib/gcc/riscv-none-embed/8.2.0/../../../../riscv-none-embed/lib/rv32imac/ilp32\libg_nano.a(lib_a-impure.o)
                0x0000000000001c94                _global_impure_ptr
 *(.glue_7)
 *(.glue_7t)
 *(.gnu.linkonce.t.*)
                0x0000000000001c98                . = ALIGN (0x4)

.rela.dyn       0x0000000000001c98        0x0
 .rela.init     0x0000000000001c98        0x0 ./src/Main.o
 .rela.vector   0x0000000000001c98        0x0 ./src/Main.o
 .rela.handle_reset
                0x0000000000001c98        0x0 ./src/Main.o
 .rela.text._sbrk_r
                0x0000000000001c98        0x0 ./src/Main.o
 .rela.text._write_r
                0x0000000000001c98        0x0 ./src/Main.o
 .rela.text._close_r
                0x0000000000001c98        0x0 ./src/Main.o
 .rela.text._fstat_r
                0x0000000000001c98        0x0 ./src/Main.o
 .rela.text._isatty_r
                0x0000000000001c98        0x0 ./src/Main.o
 .rela.text._lseek_r
                0x0000000000001c98        0x0 ./src/Main.o
 .rela.text._read_r
                0x0000000000001c98        0x0 ./src/Main.o
 .rela.text._close
                0x0000000000001c98        0x0 ./src/Main.o
 .rela.text._fstat
                0x0000000000001c98        0x0 ./src/Main.o
 .rela.text._isatty
                0x0000000000001c98        0x0 ./src/Main.o
 .rela.text._lseek
                0x0000000000001c98        0x0 ./src/Main.o
 .rela.text._read
                0x0000000000001c98        0x0 ./src/Main.o
 .rela.text._sbrk
                0x0000000000001c98        0x0 ./src/Main.o

.fini           0x0000000000001c98        0x0
 *(SORT_NONE(.fini))
                0x0000000000001c98                . = ALIGN (0x4)
                [!provide]                        PROVIDE (_etext = .)
                [!provide]                        PROVIDE (_eitcm = .)

.preinit_array  0x0000000000001c98        0x0
                [!provide]                        PROVIDE (__preinit_array_start = .)
 *(.preinit_array)
                [!provide]                        PROVIDE (__preinit_array_end = .)

.init_array     0x0000000000001c98        0x0
                [!provide]                        PROVIDE (__init_array_start = .)
 *(SORT_BY_INIT_PRIORITY(.init_array.*) SORT_BY_INIT_PRIORITY(.ctors.*))
 *(.init_array EXCLUDE_FILE(*crtend?.o *crtend.o *crtbegin?.o *crtbegin.o) .ctors)
                [!provide]                        PROVIDE (__init_array_end = .)

.fini_array     0x0000000000001c98        0x0
                [!provide]                        PROVIDE (__fini_array_start = .)
 *(SORT_BY_INIT_PRIORITY(.fini_array.*) SORT_BY_INIT_PRIORITY(.dtors.*))
 *(.fini_array EXCLUDE_FILE(*crtend?.o *crtend.o *crtbegin?.o *crtbegin.o) .dtors)
                [!provide]                        PROVIDE (__fini_array_end = .)

.ctors
 *crtbegin.o(.ctors)
 *crtbegin?.o(.ctors)
 *(EXCLUDE_FILE(*crtend?.o *crtend.o) .ctors)
 *(SORT_BY_NAME(.ctors.*))
 *(.ctors)

.dtors
 *crtbegin.o(.dtors)
 *crtbegin?.o(.dtors)
 *(EXCLUDE_FILE(*crtend?.o *crtend.o) .dtors)
 *(SORT_BY_NAME(.dtors.*))
 *(.dtors)

.dalign         0x0000000020003e60      0x1a0 load address 0x0000000000001c98
                0x0000000020004000                . = (ORIGIN (RAM) + MAX (0x800, SIZEOF (.highcode)))
 *fill*         0x0000000020003e60      0x1a0 

.dlalign        0x0000000000001c98        0x0
                0x0000000000001c98                . = ALIGN (0x4)
                0x0000000000001c98                PROVIDE (_data_lma = .)

.data           0x0000000020004000       0x68 load address 0x0000000000001c98
                0x0000000020004000                . = ALIGN (0x4)
                0x0000000020004000                PROVIDE (_data_vma = .)
 *(.gnu.linkonce.r.*)
 *(.data .data.*)
 .data.impure_data
                0x0000000020004000       0x60 c:/programfiles/mounriver/mounriver_studio/toolchain/risc-v embedded gcc/bin/../lib/gcc/riscv-none-embed/8.2.0/../../../../riscv-none-embed/lib/rv32imac/ilp32\libg_nano.a(lib_a-impure.o)
 *(.gnu.linkonce.d.*)
                0x0000000020004060                . = ALIGN (0x8)
                0x0000000020004860                PROVIDE (__global_pointer$ = (. + 0x800))
 *(.sdata .sdata.*)
 .sdata._impure_ptr
                0x0000000020004060        0x4 c:/programfiles/mounriver/mounriver_studio/toolchain/risc-v embedded gcc/bin/../lib/gcc/riscv-none-embed/8.2.0/../../../../riscv-none-embed/lib/rv32imac/ilp32\libg_nano.a(lib_a-impure.o)
                0x0000000020004060                _impure_ptr
 *(.gnu.linkonce.s.*)
                0x0000000020004068                . = ALIGN (0x8)
 *fill*         0x0000000020004064        0x4 
 *(.srodata.cst16)
 *(.srodata.cst8)
 *(.srodata.cst4)
 *(.srodata.cst2)
 *(.srodata .srodata.*)
                0x0000000020004068                . = ALIGN (0x4)
                0x0000000020004068                PROVIDE (_edata = .)

.bss            0x0000000020004068      0x268 load address 0x0000000000001d00
                0x0000000020004068                . = ALIGN (0x4)
                0x0000000020004068                PROVIDE (_sbss = .)
 *(.sbss*)
 .sbss.DevConfig
                0x0000000020004068        0x1 ./src/Main.o
                0x0000000020004068                DevConfig
 .sbss.SetupReqCode
                0x0000000020004069        0x1 ./src/Main.o
                0x0000000020004069                SetupReqCode
 .sbss.SetupReqLen
                0x000000002000406a        0x2 ./src/Main.o
                0x000000002000406a                SetupReqLen
 .sbss.pDescr   0x000000002000406c        0x4 ./src/Main.o
                0x000000002000406c                pDescr
 .sbss.pEP0_RAM_Addr
                0x0000000020004070        0x4 ./StdPeriphDriver/CH57x_usbdev.o
                0x0000000020004070                pEP0_RAM_Addr
 .sbss.pEP1_RAM_Addr
                0x0000000020004074        0x4 ./StdPeriphDriver/CH57x_usbdev.o
                0x0000000020004074                pEP1_RAM_Addr
 .sbss.pEP2_RAM_Addr
                0x0000000020004078        0x4 ./StdPeriphDriver/CH57x_usbdev.o
                0x0000000020004078                pEP2_RAM_Addr
 .sbss.pEP3_RAM_Addr
                0x000000002000407c        0x4 ./StdPeriphDriver/CH57x_usbdev.o
                0x000000002000407c                pEP3_RAM_Addr
 .sbss.__malloc_free_list
                0x0000000020004080        0x4 c:/programfiles/mounriver/mounriver_studio/toolchain/risc-v embedded gcc/bin/../lib/gcc/riscv-none-embed/8.2.0/../../../../riscv-none-embed/lib/rv32imac/ilp32\libg_nano.a(lib_a-nano-mallocr.o)
                0x0000000020004080                __malloc_free_list
 .sbss.__malloc_sbrk_start
                0x0000000020004084        0x4 c:/programfiles/mounriver/mounriver_studio/toolchain/risc-v embedded gcc/bin/../lib/gcc/riscv-none-embed/8.2.0/../../../../riscv-none-embed/lib/rv32imac/ilp32\libg_nano.a(lib_a-nano-mallocr.o)
                0x0000000020004084                __malloc_sbrk_start
 .sbss.heap_end.1518
                0x0000000020004088        0x4 c:/programfiles/mounriver/mounriver_studio/toolchain/risc-v embedded gcc/bin/../lib/gcc/riscv-none-embed/8.2.0/../../../../riscv-none-embed/lib/rv32imac/ilp32\libnosys.a(sbrk.o)
 *(.gnu.linkonce.sb.*)
 *(.bss*)
 .bss.EP0_Databuf
                0x000000002000408c       0xc0 ./src/Main.o
                0x000000002000408c                EP0_Databuf
 .bss.EP1_Databuf
                0x000000002000414c       0x80 ./src/Main.o
                0x000000002000414c                EP1_Databuf
 .bss.EP2_Databuf
                0x00000000200041cc       0x80 ./src/Main.o
                0x00000000200041cc                EP2_Databuf
 .bss.EP3_Databuf
                0x000000002000424c       0x80 ./src/Main.o
                0x000000002000424c                EP3_Databuf
 *(.gnu.linkonce.b.*)
 *(COMMON*)
 COMMON         0x00000000200042cc        0x4 c:/programfiles/mounriver/mounriver_studio/toolchain/risc-v embedded gcc/bin/../lib/gcc/riscv-none-embed/8.2.0/../../../../riscv-none-embed/lib/rv32imac/ilp32\libg_nano.a(lib_a-reent.o)
                0x00000000200042cc                errno
                0x00000000200042d0                . = ALIGN (0x4)
                0x00000000200042d0                PROVIDE (_ebss = .)
                [!provide]                        PROVIDE (_end = _ebss)
                0x00000000200042d0                PROVIDE (end = .)

.stack          0x0000000020008000        0x0
                0x0000000020008000                . = ALIGN (0x4)
                0x0000000020008000                PROVIDE (_eusrstack = .)
OUTPUT(VendorDefinedDev.elf elf32-littleriscv)

.debug_info     0x0000000000000000     0x4fa8
 .debug_info    0x0000000000000000     0x144d ./src/Main.o
 .debug_info    0x000000000000144d      0xdae ./StdPeriphDriver/CH57x_gpio.o
 .debug_info    0x00000000000021fb     0x135e ./StdPeriphDriver/CH57x_sys.o
 .debug_info    0x0000000000003559      0xd86 ./StdPeriphDriver/CH57x_uart1.o
 .debug_info    0x00000000000042df      0xca7 ./StdPeriphDriver/CH57x_usbdev.o
 .debug_info    0x0000000000004f86       0x22 ./Startup/startup_CH573.o

.debug_abbrev   0x0000000000000000      0xe5e
 .debug_abbrev  0x0000000000000000      0x391 ./src/Main.o
 .debug_abbrev  0x0000000000000391      0x268 ./StdPeriphDriver/CH57x_gpio.o
 .debug_abbrev  0x00000000000005f9      0x392 ./StdPeriphDriver/CH57x_sys.o
 .debug_abbrev  0x000000000000098b      0x2aa ./StdPeriphDriver/CH57x_uart1.o
 .debug_abbrev  0x0000000000000c35      0x217 ./StdPeriphDriver/CH57x_usbdev.o
 .debug_abbrev  0x0000000000000e4c       0x12 ./Startup/startup_CH573.o

.debug_loc      0x0000000000000000      0xae8
 .debug_loc     0x0000000000000000      0x30f ./src/Main.o
 .debug_loc     0x000000000000030f      0x361 ./StdPeriphDriver/CH57x_gpio.o
 .debug_loc     0x0000000000000670      0x28b ./StdPeriphDriver/CH57x_sys.o
 .debug_loc     0x00000000000008fb      0x1ed ./StdPeriphDriver/CH57x_uart1.o

.debug_aranges  0x0000000000000000      0x1f0
 .debug_aranges
                0x0000000000000000       0x58 ./src/Main.o
 .debug_aranges
                0x0000000000000058       0x48 ./StdPeriphDriver/CH57x_gpio.o
 .debug_aranges
                0x00000000000000a0       0x88 ./StdPeriphDriver/CH57x_sys.o
 .debug_aranges
                0x0000000000000128       0x50 ./StdPeriphDriver/CH57x_uart1.o
 .debug_aranges
                0x0000000000000178       0x40 ./StdPeriphDriver/CH57x_usbdev.o
 .debug_aranges
                0x00000000000001b8       0x38 ./Startup/startup_CH573.o

.debug_ranges   0x0000000000000000      0x1d0
 .debug_ranges  0x0000000000000000       0x68 ./src/Main.o
 .debug_ranges  0x0000000000000068       0x38 ./StdPeriphDriver/CH57x_gpio.o
 .debug_ranges  0x00000000000000a0       0x90 ./StdPeriphDriver/CH57x_sys.o
 .debug_ranges  0x0000000000000130       0x40 ./StdPeriphDriver/CH57x_uart1.o
 .debug_ranges  0x0000000000000170       0x30 ./StdPeriphDriver/CH57x_usbdev.o
 .debug_ranges  0x00000000000001a0       0x30 ./Startup/startup_CH573.o

.debug_line     0x0000000000000000     0x332d
 .debug_line    0x0000000000000000      0xf04 ./src/Main.o
 .debug_line    0x0000000000000f04      0x81e ./StdPeriphDriver/CH57x_gpio.o
 .debug_line    0x0000000000001722      0xda9 ./StdPeriphDriver/CH57x_sys.o
 .debug_line    0x00000000000024cb      0x661 ./StdPeriphDriver/CH57x_uart1.o
 .debug_line    0x0000000000002b2c      0x576 ./StdPeriphDriver/CH57x_usbdev.o
 .debug_line    0x00000000000030a2      0x28b ./Startup/startup_CH573.o

.debug_str      0x0000000000000000     0x11cb
 .debug_str     0x0000000000000000      0xc67 ./src/Main.o
                                        0xcf7 (size before relaxing)
 .debug_str     0x0000000000000c67      0x15b ./StdPeriphDriver/CH57x_gpio.o
                                        0x94e (size before relaxing)
 .debug_str     0x0000000000000dc2      0x1ff ./StdPeriphDriver/CH57x_sys.o
                                        0xbb8 (size before relaxing)
 .debug_str     0x0000000000000fc1      0x129 ./StdPeriphDriver/CH57x_uart1.o
                                        0x8f3 (size before relaxing)
 .debug_str     0x00000000000010ea       0x6e ./StdPeriphDriver/CH57x_usbdev.o
                                        0x84a (size before relaxing)
 .debug_str     0x0000000000001158       0x73 ./Startup/startup_CH573.o
                                         0xde (size before relaxing)

.comment        0x0000000000000000       0x33
 .comment       0x0000000000000000       0x33 ./src/Main.o
                                         0x34 (size before relaxing)
 .comment       0x0000000000000033       0x34 ./StdPeriphDriver/CH57x_gpio.o
 .comment       0x0000000000000033       0x34 ./StdPeriphDriver/CH57x_sys.o
 .comment       0x0000000000000033       0x34 ./StdPeriphDriver/CH57x_uart1.o
 .comment       0x0000000000000033       0x34 ./StdPeriphDriver/CH57x_usbdev.o
 .comment       0x0000000000000033       0x34 D:\DATA\Electronic\MCU&MPU&DSP\32bit\«ﬂ∫„WCH\CH573_CH571\CH573EVT\EVT\EXAM\SRC\StdPeriphDriver\libISP573.a(ISP573.o)

.debug_frame    0x0000000000000000      0xad4
 .debug_frame   0x0000000000000000       0xd0 ./src/Main.o
 .debug_frame   0x00000000000000d0       0x70 ./StdPeriphDriver/CH57x_gpio.o
 .debug_frame   0x0000000000000140      0x114 ./StdPeriphDriver/CH57x_sys.o
 .debug_frame   0x0000000000000254       0x9c ./StdPeriphDriver/CH57x_uart1.o
 .debug_frame   0x00000000000002f0       0x60 ./StdPeriphDriver/CH57x_usbdev.o
 .debug_frame   0x0000000000000350       0x20 c:/programfiles/mounriver/mounriver_studio/toolchain/risc-v embedded gcc/bin/../lib/gcc/riscv-none-embed/8.2.0/../../../../riscv-none-embed/lib/rv32imac/ilp32\libg_nano.a(lib_a-memcpy.o)
 .debug_frame   0x0000000000000370       0x54 c:/programfiles/mounriver/mounriver_studio/toolchain/risc-v embedded gcc/bin/../lib/gcc/riscv-none-embed/8.2.0/../../../../riscv-none-embed/lib/rv32imac/ilp32\libg_nano.a(lib_a-puts.o)
 .debug_frame   0x00000000000003c4       0x50 c:/programfiles/mounriver/mounriver_studio/toolchain/risc-v embedded gcc/bin/../lib/gcc/riscv-none-embed/8.2.0/../../../../riscv-none-embed/lib/rv32imac/ilp32\libg_nano.a(lib_a-wbuf.o)
 .debug_frame   0x0000000000000414       0x3c c:/programfiles/mounriver/mounriver_studio/toolchain/risc-v embedded gcc/bin/../lib/gcc/riscv-none-embed/8.2.0/../../../../riscv-none-embed/lib/rv32imac/ilp32\libg_nano.a(lib_a-wsetup.o)
 .debug_frame   0x0000000000000450       0x7c c:/programfiles/mounriver/mounriver_studio/toolchain/risc-v embedded gcc/bin/../lib/gcc/riscv-none-embed/8.2.0/../../../../riscv-none-embed/lib/rv32imac/ilp32\libg_nano.a(lib_a-fflush.o)
 .debug_frame   0x00000000000004cc      0x148 c:/programfiles/mounriver/mounriver_studio/toolchain/risc-v embedded gcc/bin/../lib/gcc/riscv-none-embed/8.2.0/../../../../riscv-none-embed/lib/rv32imac/ilp32\libg_nano.a(lib_a-findfp.o)
 .debug_frame   0x0000000000000614       0x88 c:/programfiles/mounriver/mounriver_studio/toolchain/risc-v embedded gcc/bin/../lib/gcc/riscv-none-embed/8.2.0/../../../../riscv-none-embed/lib/rv32imac/ilp32\libg_nano.a(lib_a-fwalk.o)
 .debug_frame   0x000000000000069c       0x64 c:/programfiles/mounriver/mounriver_studio/toolchain/risc-v embedded gcc/bin/../lib/gcc/riscv-none-embed/8.2.0/../../../../riscv-none-embed/lib/rv32imac/ilp32\libg_nano.a(lib_a-makebuf.o)
 .debug_frame   0x0000000000000700       0x40 c:/programfiles/mounriver/mounriver_studio/toolchain/risc-v embedded gcc/bin/../lib/gcc/riscv-none-embed/8.2.0/../../../../riscv-none-embed/lib/rv32imac/ilp32\libg_nano.a(lib_a-nano-freer.o)
 .debug_frame   0x0000000000000740       0x40 c:/programfiles/mounriver/mounriver_studio/toolchain/risc-v embedded gcc/bin/../lib/gcc/riscv-none-embed/8.2.0/../../../../riscv-none-embed/lib/rv32imac/ilp32\libg_nano.a(lib_a-nano-mallocr.o)
 .debug_frame   0x0000000000000780       0x30 c:/programfiles/mounriver/mounriver_studio/toolchain/risc-v embedded gcc/bin/../lib/gcc/riscv-none-embed/8.2.0/../../../../riscv-none-embed/lib/rv32imac/ilp32\libg_nano.a(lib_a-sbrkr.o)
 .debug_frame   0x00000000000007b0       0xa4 c:/programfiles/mounriver/mounriver_studio/toolchain/risc-v embedded gcc/bin/../lib/gcc/riscv-none-embed/8.2.0/../../../../riscv-none-embed/lib/rv32imac/ilp32\libg_nano.a(lib_a-stdio.o)
 .debug_frame   0x0000000000000854       0x30 c:/programfiles/mounriver/mounriver_studio/toolchain/risc-v embedded gcc/bin/../lib/gcc/riscv-none-embed/8.2.0/../../../../riscv-none-embed/lib/rv32imac/ilp32\libg_nano.a(lib_a-writer.o)
 .debug_frame   0x0000000000000884       0x30 c:/programfiles/mounriver/mounriver_studio/toolchain/risc-v embedded gcc/bin/../lib/gcc/riscv-none-embed/8.2.0/../../../../riscv-none-embed/lib/rv32imac/ilp32\libg_nano.a(lib_a-closer.o)
 .debug_frame   0x00000000000008b4       0x30 c:/programfiles/mounriver/mounriver_studio/toolchain/risc-v embedded gcc/bin/../lib/gcc/riscv-none-embed/8.2.0/../../../../riscv-none-embed/lib/rv32imac/ilp32\libg_nano.a(lib_a-fstatr.o)
 .debug_frame   0x00000000000008e4       0x30 c:/programfiles/mounriver/mounriver_studio/toolchain/risc-v embedded gcc/bin/../lib/gcc/riscv-none-embed/8.2.0/../../../../riscv-none-embed/lib/rv32imac/ilp32\libg_nano.a(lib_a-isattyr.o)
 .debug_frame   0x0000000000000914       0x30 c:/programfiles/mounriver/mounriver_studio/toolchain/risc-v embedded gcc/bin/../lib/gcc/riscv-none-embed/8.2.0/../../../../riscv-none-embed/lib/rv32imac/ilp32\libg_nano.a(lib_a-lseekr.o)
 .debug_frame   0x0000000000000944       0x30 c:/programfiles/mounriver/mounriver_studio/toolchain/risc-v embedded gcc/bin/../lib/gcc/riscv-none-embed/8.2.0/../../../../riscv-none-embed/lib/rv32imac/ilp32\libg_nano.a(lib_a-mlock.o)
 .debug_frame   0x0000000000000974       0x30 c:/programfiles/mounriver/mounriver_studio/toolchain/risc-v embedded gcc/bin/../lib/gcc/riscv-none-embed/8.2.0/../../../../riscv-none-embed/lib/rv32imac/ilp32\libg_nano.a(lib_a-readr.o)
 .debug_frame   0x00000000000009a4       0x70 c:/programfiles/mounriver/mounriver_studio/toolchain/risc-v embedded gcc/bin/../lib/gcc/riscv-none-embed/8.2.0/../../../../riscv-none-embed/lib/rv32imac/ilp32\libg_nano.a(lib_a-reent.o)
 .debug_frame   0x0000000000000a14       0x20 c:/programfiles/mounriver/mounriver_studio/toolchain/risc-v embedded gcc/bin/../lib/gcc/riscv-none-embed/8.2.0/../../../../riscv-none-embed/lib/rv32imac/ilp32\libnosys.a(close.o)
 .debug_frame   0x0000000000000a34       0x20 c:/programfiles/mounriver/mounriver_studio/toolchain/risc-v embedded gcc/bin/../lib/gcc/riscv-none-embed/8.2.0/../../../../riscv-none-embed/lib/rv32imac/ilp32\libnosys.a(fstat.o)
 .debug_frame   0x0000000000000a54       0x20 c:/programfiles/mounriver/mounriver_studio/toolchain/risc-v embedded gcc/bin/../lib/gcc/riscv-none-embed/8.2.0/../../../../riscv-none-embed/lib/rv32imac/ilp32\libnosys.a(isatty.o)
 .debug_frame   0x0000000000000a74       0x20 c:/programfiles/mounriver/mounriver_studio/toolchain/risc-v embedded gcc/bin/../lib/gcc/riscv-none-embed/8.2.0/../../../../riscv-none-embed/lib/rv32imac/ilp32\libnosys.a(lseek.o)
 .debug_frame   0x0000000000000a94       0x20 c:/programfiles/mounriver/mounriver_studio/toolchain/risc-v embedded gcc/bin/../lib/gcc/riscv-none-embed/8.2.0/../../../../riscv-none-embed/lib/rv32imac/ilp32\libnosys.a(read.o)
 .debug_frame   0x0000000000000ab4       0x20 c:/programfiles/mounriver/mounriver_studio/toolchain/risc-v embedded gcc/bin/../lib/gcc/riscv-none-embed/8.2.0/../../../../riscv-none-embed/lib/rv32imac/ilp32\libnosys.a(sbrk.o)

.stab           0x0000000000000000       0x84
 .stab          0x0000000000000000       0x24 c:/programfiles/mounriver/mounriver_studio/toolchain/risc-v embedded gcc/bin/../lib/gcc/riscv-none-embed/8.2.0/../../../../riscv-none-embed/lib/rv32imac/ilp32\libnosys.a(close.o)
 .stab          0x0000000000000024       0x18 c:/programfiles/mounriver/mounriver_studio/toolchain/risc-v embedded gcc/bin/../lib/gcc/riscv-none-embed/8.2.0/../../../../riscv-none-embed/lib/rv32imac/ilp32\libnosys.a(fstat.o)
                                         0x24 (size before relaxing)
 .stab          0x000000000000003c       0x18 c:/programfiles/mounriver/mounriver_studio/toolchain/risc-v embedded gcc/bin/../lib/gcc/riscv-none-embed/8.2.0/../../../../riscv-none-embed/lib/rv32imac/ilp32\libnosys.a(isatty.o)
                                         0x24 (size before relaxing)
 .stab          0x0000000000000054       0x18 c:/programfiles/mounriver/mounriver_studio/toolchain/risc-v embedded gcc/bin/../lib/gcc/riscv-none-embed/8.2.0/../../../../riscv-none-embed/lib/rv32imac/ilp32\libnosys.a(lseek.o)
                                         0x24 (size before relaxing)
 .stab          0x000000000000006c       0x18 c:/programfiles/mounriver/mounriver_studio/toolchain/risc-v embedded gcc/bin/../lib/gcc/riscv-none-embed/8.2.0/../../../../riscv-none-embed/lib/rv32imac/ilp32\libnosys.a(read.o)
                                         0x24 (size before relaxing)

.stabstr        0x0000000000000000      0x117
 .stabstr       0x0000000000000000      0x117 c:/programfiles/mounriver/mounriver_studio/toolchain/risc-v embedded gcc/bin/../lib/gcc/riscv-none-embed/8.2.0/../../../../riscv-none-embed/lib/rv32imac/ilp32\libnosys.a(close.o)
