Archive member included to satisfy reference by file (symbol)

D:\DATA\Electronic\MCU&MPU&DSP\32bit\«ﬂ∫„WCH\CH573_CH571\CH573EVT\EVT\EXAM\SRC\StdPeriphDriver\libISP573.a(ISP573.o)
                              ./StdPeriphDriver/CH57x_pwr.o (FLASH_EEPROM_CMD)
c:/programfiles/mounriver/mounriver_studio/toolchain/risc-v embedded gcc/bin/../lib/gcc/riscv-none-embed/8.2.0/rv32imac/ilp32\libgcc.a(muldf3.o)
                              ./StdPeriphDriver/CH57x_clk.o (__muldf3)
c:/programfiles/mounriver/mounriver_studio/toolchain/risc-v embedded gcc/bin/../lib/gcc/riscv-none-embed/8.2.0/rv32imac/ilp32\libgcc.a(floatsidf.o)
                              ./StdPeriphDriver/CH57x_clk.o (__floatsidf)
c:/programfiles/mounriver/mounriver_studio/toolchain/risc-v embedded gcc/bin/../lib/gcc/riscv-none-embed/8.2.0/rv32imac/ilp32\libgcc.a(mulsf3.o)
                              ./StdPeriphDriver/CH57x_clk.o (__mulsf3)
c:/programfiles/mounriver/mounriver_studio/toolchain/risc-v embedded gcc/bin/../lib/gcc/riscv-none-embed/8.2.0/rv32imac/ilp32\libgcc.a(fixsfsi.o)
                              ./StdPeriphDriver/CH57x_clk.o (__fixsfsi)
c:/programfiles/mounriver/mounriver_studio/toolchain/risc-v embedded gcc/bin/../lib/gcc/riscv-none-embed/8.2.0/rv32imac/ilp32\libgcc.a(floatsisf.o)
                              ./StdPeriphDriver/CH57x_clk.o (__floatsisf)
c:/programfiles/mounriver/mounriver_studio/toolchain/risc-v embedded gcc/bin/../lib/gcc/riscv-none-embed/8.2.0/rv32imac/ilp32\libgcc.a(truncdfsf2.o)
                              ./StdPeriphDriver/CH57x_clk.o (__truncdfsf2)
c:/programfiles/mounriver/mounriver_studio/toolchain/risc-v embedded gcc/bin/../lib/gcc/riscv-none-embed/8.2.0/rv32imac/ilp32\libgcc.a(_clzsi2.o)
                              c:/programfiles/mounriver/mounriver_studio/toolchain/risc-v embedded gcc/bin/../lib/gcc/riscv-none-embed/8.2.0/rv32imac/ilp32\libgcc.a(muldf3.o) (__clzsi2)
c:/programfiles/mounriver/mounriver_studio/toolchain/risc-v embedded gcc/bin/../lib/gcc/riscv-none-embed/8.2.0/rv32imac/ilp32\libgcc.a(_clz.o)
                              c:/programfiles/mounriver/mounriver_studio/toolchain/risc-v embedded gcc/bin/../lib/gcc/riscv-none-embed/8.2.0/rv32imac/ilp32\libgcc.a(_clzsi2.o) (__clz_tab)
c:/programfiles/mounriver/mounriver_studio/toolchain/risc-v embedded gcc/bin/../lib/gcc/riscv-none-embed/8.2.0/../../../../riscv-none-embed/lib/rv32imac/ilp32\libg_nano.a(lib_a-printf.o)
                              ./src/Main.o (printf)
c:/programfiles/mounriver/mounriver_studio/toolchain/risc-v embedded gcc/bin/../lib/gcc/riscv-none-embed/8.2.0/../../../../riscv-none-embed/lib/rv32imac/ilp32\libg_nano.a(lib_a-putchar.o)
                              ./src/Main.o (putchar)
c:/programfiles/mounriver/mounriver_studio/toolchain/risc-v embedded gcc/bin/../lib/gcc/riscv-none-embed/8.2.0/../../../../riscv-none-embed/lib/rv32imac/ilp32\libg_nano.a(lib_a-puts.o)
                              ./src/Main.o (puts)
c:/programfiles/mounriver/mounriver_studio/toolchain/risc-v embedded gcc/bin/../lib/gcc/riscv-none-embed/8.2.0/../../../../riscv-none-embed/lib/rv32imac/ilp32\libg_nano.a(lib_a-wbuf.o)
                              c:/programfiles/mounriver/mounriver_studio/toolchain/risc-v embedded gcc/bin/../lib/gcc/riscv-none-embed/8.2.0/../../../../riscv-none-embed/lib/rv32imac/ilp32\libg_nano.a(lib_a-puts.o) (__swbuf_r)
c:/programfiles/mounriver/mounriver_studio/toolchain/risc-v embedded gcc/bin/../lib/gcc/riscv-none-embed/8.2.0/../../../../riscv-none-embed/lib/rv32imac/ilp32\libg_nano.a(lib_a-wsetup.o)
                              c:/programfiles/mounriver/mounriver_studio/toolchain/risc-v embedded gcc/bin/../lib/gcc/riscv-none-embed/8.2.0/../../../../riscv-none-embed/lib/rv32imac/ilp32\libg_nano.a(lib_a-puts.o) (__swsetup_r)
c:/programfiles/mounriver/mounriver_studio/toolchain/risc-v embedded gcc/bin/../lib/gcc/riscv-none-embed/8.2.0/../../../../riscv-none-embed/lib/rv32imac/ilp32\libg_nano.a(lib_a-fflush.o)
                              c:/programfiles/mounriver/mounriver_studio/toolchain/risc-v embedded gcc/bin/../lib/gcc/riscv-none-embed/8.2.0/../../../../riscv-none-embed/lib/rv32imac/ilp32\libg_nano.a(lib_a-wbuf.o) (_fflush_r)
c:/programfiles/mounriver/mounriver_studio/toolchain/risc-v embedded gcc/bin/../lib/gcc/riscv-none-embed/8.2.0/../../../../riscv-none-embed/lib/rv32imac/ilp32\libg_nano.a(lib_a-findfp.o)
                              c:/programfiles/mounriver/mounriver_studio/toolchain/risc-v embedded gcc/bin/../lib/gcc/riscv-none-embed/8.2.0/../../../../riscv-none-embed/lib/rv32imac/ilp32\libg_nano.a(lib_a-printf.o) (__sinit)
c:/programfiles/mounriver/mounriver_studio/toolchain/risc-v embedded gcc/bin/../lib/gcc/riscv-none-embed/8.2.0/../../../../riscv-none-embed/lib/rv32imac/ilp32\libg_nano.a(lib_a-fwalk.o)
[...]
Memory Configuration

Name             Origin             Length             Attributes
FLASH            0x0000000000000000 0x0000000000070000 xr
RAM              0x0000000020003800 0x0000000000004800 xrw
*default*        0x0000000000000000 0xffffffffffffffff

Linker script and memory map

LOAD ./src/Main.o
LOAD ./StdPeriphDriver/CH57x_adc.o
LOAD ./StdPeriphDriver/CH57x_clk.o
LOAD ./StdPeriphDriver/CH57x_flash.o
LOAD ./StdPeriphDriver/CH57x_gpio.o
LOAD ./StdPeriphDriver/CH57x_pwr.o
LOAD ./StdPeriphDriver/CH57x_sys.o
LOAD ./StdPeriphDriver/CH57x_timer0.o
LOAD ./StdPeriphDriver/CH57x_timer1.o
LOAD ./StdPeriphDriver/CH57x_timer2.o
LOAD ./StdPeriphDriver/CH57x_timer3.o
LOAD ./StdPeriphDriver/CH57x_uart0.o
LOAD ./StdPeriphDriver/CH57x_uart1.o
LOAD ./Startup/startup_CH573.o
LOAD ./RVMSIS/core_riscv.o
LOAD D:\DATA\Electronic\MCU&MPU&DSP\32bit\«ﬂ∫„WCH\CH573_CH571\CH573EVT\EVT\EXAM\SRC\StdPeriphDriver\libISP573.a
LOAD c:/programfiles/mounriver/mounriver_studio/toolchain/risc-v embedded gcc/bin/../lib/gcc/riscv-none-embed/8.2.0/rv32imac/ilp32\libgcc.a
LOAD c:/programfiles/mounriver/mounriver_studio/toolchain/risc-v embedded gcc/bin/../lib/gcc/riscv-none-embed/8.2.0/../../../../riscv-none-embed/lib/rv32imac/ilp32\libg_nano.a
LOAD c:/programfiles/mounriver/mounriver_studio/toolchain/risc-v embedded gcc/bin/../lib/gcc/riscv-none-embed/8.2.0/../../../../riscv-none-embed/lib/rv32imac/ilp32\libc_nano.a
LOAD c:/programfiles/mounriver/mounriver_studio/toolchain/risc-v embedded gcc/bin/../lib/gcc/riscv-none-embed/8.2.0/rv32imac/ilp32\libgcc.a
START GROUP
LOAD c:/programfiles/mounriver/mounriver_studio/toolchain/risc-v embedded gcc/bin/../lib/gcc/riscv-none-embed/8.2.0/rv32imac/ilp32\libgcc.a
LOAD c:/programfiles/mounriver/mounriver_studio/toolchain/risc-v embedded gcc/bin/../lib/gcc/riscv-none-embed/8.2.0/../../../../riscv-none-embed/lib/rv32imac/ilp32\libc_nano.a
LOAD c:/programfiles/mounriver/mounriver_studio/toolchain/risc-v embedded gcc/bin/../lib/gcc/riscv-none-embed/8.2.0/../../../../riscv-none-embed/lib/rv32imac/ilp32\libnosys.a
END GROUP
START GROUP
LOAD c:/programfiles/mounriver/mounriver_studio/toolchain/risc-v embedded gcc/bin/../lib/gcc/riscv-none-embed/8.2.0/rv32imac/ilp32\libgcc.a
LOAD c:/programfiles/mounriver/mounriver_studio/toolchain/risc-v embedded gcc/bin/../lib/gcc/riscv-none-embed/8.2.0/../../../../riscv-none-embed/lib/rv32imac/ilp32\libc_nano.a
LOAD c:/programfiles/mounriver/mounriver_studio/toolchain/risc-v embedded gcc/bin/../lib/gcc/riscv-none-embed/8.2.0/../../../../riscv-none-embed/lib/rv32imac/ilp32\libnosys.a
END GROUP

.init           0x0000000000000000        0x4
                0x0000000000000000                _sinit = .
                0x0000000000000000                . = ALIGN (0x4)
 *(SORT_NONE(.init))
 .init          0x0000000000000000        0x4 ./Startup/startup_CH573.o
                0x0000000000000000                _start
                0x0000000000000004                . = ALIGN (0x4)
                0x0000000000000004                _einit = .

.highcodelalign
                0x0000000000000004        0x0
                0x0000000000000004                . = ALIGN (0x4)
                0x0000000000000004                PROVIDE (_highcode_lma = .)

.highcode       0x0000000020003800      0x6d8 load address 0x0000000000000004
                0x0000000020003800                . = ALIGN (0x4)
                0x0000000020003800                PROVIDE (_highcode_vma_start = .)
 *(.vector)
 .vector        0x0000000020003800       0x90 ./Startup/startup_CH573.o
 *(SORT_NONE(.vector_handler))
 .vector_handler
                0x0000000020003890       0x2c ./Startup/startup_CH573.o
                0x0000000020003890                NMI_Handler
                0x0000000020003894                SysTick_Handler
                0x0000000020003896                SW_Handler
                0x000000002000389a                GPIOA_IRQHandler
                0x000000002000389c                GPIOB_IRQHandler
                0x000000002000389e                SPI0_IRQHandler
                0x00000000200038a0                BB_IRQHandler
                0x00000000200038a2                LLE_IRQHandler
                0x00000000200038a4                USB_IRQHandler
                0x00000000200038aa                UART0_IRQHandler
                0x00000000200038ac                UART1_IRQHandler
                0x00000000200038ae                RTC_IRQHandler
                0x00000000200038b0                ADC_IRQHandler
                0x00000000200038b2                PWMX_IRQHandler
                0x00000000200038b4                TMR3_IRQHandler
                0x00000000200038b6                UART2_IRQHandler
                0x00000000200038b8                UART3_IRQHandler
                0x00000000200038ba                WDOG_BAT_IRQHandler
 *(.highcode)
 .highcode      0x00000000200038bc       0x86 ./src/Main.o
                0x00000000200038bc                TMR0_IRQHandler
                0x00000000200038e2                TMR1_IRQHandler
                0x000000002000390a                TMR2_IRQHandler
 .highcode      0x0000000020003942      0x1a8 ./StdPeriphDriver/CH57x_sys.o
                0x0000000020003942                SetSysClock
                0x0000000020003a3e                SYS_ResetExecute
                0x0000000020003a76                HardFault_Handler
                0x0000000020003ab4                mDelayuS
                0x0000000020003ac2                mDelaymS
 .highcode      0x0000000020003aea      0x3ee D:\DATA\Electronic\MCU&MPU&DSP\32bit\«ﬂ∫„WCH\CH573_CH571\CH573EVT\EVT\EXAM\SRC\StdPeriphDriver\libISP573.a(ISP573.o)
                0x0000000020003aea                FLASH_ROM_BEG
                0x0000000020003afc                FLASH_ROM_END
                0x0000000020003b0a                FLASH_ROM_IN
                0x0000000020003b18                FLASH_ROM_OUT
                0x0000000020003b26                FLASH_ROM_ADDR
                0x0000000020003b6e                FLASH_ROM_WAIT
                0x0000000020003ba6                FLASH_EEPROM_CMD
 *(.highcode.*)
                0x0000000020003ed8                . = ALIGN (0x4)
                0x0000000020003ed8                PROVIDE (_highcode_vma_end = .)

.text           0x00000000000006dc     0x1a14
                0x00000000000006dc                . = ALIGN (0x4)
 *(SORT_NONE(.handle_reset))
 .handle_reset  0x00000000000006dc       0x9e ./Startup/startup_CH573.o
                0x00000000000006dc                handle_reset
 *(.text)
 .text          0x000000000000077a       0xa8 c:/programfiles/mounriver/mounriver_studio/toolchain/risc-v embedded gcc/bin/../lib/gcc/riscv-none-embed/8.2.0/../../../../riscv-none-embed/lib/rv32imac/ilp32\libg_nano.a(lib_a-memset.o)
                0x000000000000077a                memset
 *(.text.*)
 .text.DebugInit
                0x0000000000000822       0x2a ./src/Main.o
                0x0000000000000822                DebugInit
 .text.startup.main
                0x000000000000084c      0x194 ./src/Main.o
                0x000000000000084c                main
 .text.GPIOA_ModeCfg
                0x00000000000009e0       0xa6 ./StdPeriphDriver/CH57x_gpio.o
                0x00000000000009e0                GPIOA_ModeCfg
 .text.GPIOB_ModeCfg
                0x0000000000000a86       0xa6 ./StdPeriphDriver/CH57x_gpio.o
                0x0000000000000a86                GPIOB_ModeCfg
 .text.GPIOPinRemap
                0x0000000000000b2c       0x1a ./StdPeriphDriver/CH57x_gpio.o
                0x0000000000000b2c                GPIOPinRemap
 .text.PWR_UnitModCfg
                0x0000000000000b46       0x5c ./StdPeriphDriver/CH57x_pwr.o
                0x0000000000000b46                PWR_UnitModCfg
 .text.GetSysClock
                0x0000000000000ba2       0x42 ./StdPeriphDriver/CH57x_sys.o
                0x0000000000000ba2                GetSysClock
 .text._write   0x0000000000000be4       0x28 ./StdPeriphDriver/CH57x_sys.o
                0x0000000000000be4                _write
 .text.TMR0_TimerInit
                0x0000000000000c0c       0x14 ./StdPeriphDriver/CH57x_timer0.o
                0x0000000000000c0c                TMR0_TimerInit
 .text.TMR1_CapInit
                0x0000000000000c20       0x1a ./StdPeriphDriver/CH57x_timer1.o
                0x0000000000000c20                TMR1_CapInit
 .text.TMR1_DMACfg
                0x0000000000000c3a       0x20 ./StdPeriphDriver/CH57x_timer1.o
                0x0000000000000c3a                TMR1_DMACfg
 .text.TMR2_EXTSingleCounterInit
                0x0000000000000c5a       0x1a ./StdPeriphDriver/CH57x_timer2.o
                0x0000000000000c5a                TMR2_EXTSingleCounterInit
 .text.TMR3_PWMInit
                0x0000000000000c74       0x18 ./StdPeriphDriver/CH57x_timer3.o
                0x0000000000000c74                TMR3_PWMInit
 .text.UART1_BaudRateCfg
                0x0000000000000c8c       0x30 ./StdPeriphDriver/CH57x_uart1.o
                0x0000000000000c8c                UART1_BaudRateCfg
 .text.UART1_DefInit
                0x0000000000000cbc       0x32 ./StdPeriphDriver/CH57x_uart1.o
                0x0000000000000cbc                UART1_DefInit
 .text.printf   0x0000000000000cee       0x44 c:/programfiles/mounriver/mounriver_studio/toolchain/risc-v embedded gcc/bin/../lib/gcc/riscv-none-embed/8.2.0/../../../../riscv-none-embed/lib/rv32imac/ilp32\libg_nano.a(lib_a-printf.o)
                0x0000000000000cee                iprintf
                0x0000000000000cee                printf
 .text.putchar  0x0000000000000d32       0x2e c:/programfiles/mounriver/mounriver_studio/toolchain/risc-v embedded gcc/bin/../lib/gcc/riscv-none-embed/8.2.0/../../../../riscv-none-embed/lib/rv32imac/ilp32\libg_nano.a(lib_a-putchar.o)
                0x0000000000000d32                putchar
 .text._puts_r  0x0000000000000d60       0xda c:/programfiles/mounriver/mounriver_studio/toolchain/risc-v embedded gcc/bin/../lib/gcc/riscv-none-embed/8.2.0/../../../../riscv-none-embed/lib/rv32imac/ilp32\libg_nano.a(lib_a-puts.o)
                0x0000000000000d60                _puts_r
 .text.puts     0x0000000000000e3a        0xe c:/programfiles/mounriver/mounriver_studio/toolchain/risc-v embedded gcc/bin/../lib/gcc/riscv-none-embed/8.2.0/../../../../riscv-none-embed/lib/rv32imac/ilp32\libg_nano.a(lib_a-puts.o)
                0x0000000000000e3a                puts
 .text.__swbuf_r
                0x0000000000000e48       0xc0 c:/programfiles/mounriver/mounriver_studio/toolchain/risc-v embedded gcc/bin/../lib/gcc/riscv-none-embed/8.2.0/../../../../riscv-none-embed/lib/rv32imac/ilp32\libg_nano.a(lib_a-wbuf.o)
                0x0000000000000e48                __swbuf_r
 .text.__swsetup_r
                0x0000000000000f08      0x110 c:/programfiles/mounriver/mounriver_studio/toolchain/risc-v embedded gcc/bin/../lib/gcc/riscv-none-embed/8.2.0/../../../../riscv-none-embed/lib/rv32imac/ilp32\libg_nano.a(lib_a-wsetup.o)
                0x0000000000000f08                __swsetup_r
 .text.__sflush_r
                0x0000000000001018      0x13c c:/programfiles/mounriver/mounriver_studio/toolchain/risc-v embedded gcc/bin/../lib/gcc/riscv-none-embed/8.2.0/../../../../riscv-none-embed/lib/rv32imac/ilp32\libg_nano.a(lib_a-fflush.o)
                0x0000000000001018                __sflush_r
 .text._fflush_r
                0x0000000000001154       0x64 c:/programfiles/mounriver/mounriver_studio/toolchain/risc-v embedded gcc/bin/../lib/gcc/riscv-none-embed/8.2.0/../../../../riscv-none-embed/lib/rv32imac/ilp32\libg_nano.a(lib_a-fflush.o)
                0x0000000000001154                _fflush_r
 .text.std      0x00000000000011b8       0x6a c:/programfiles/mounriver/mounriver_studio/toolchain/risc-v embedded gcc/bin/../lib/gcc/riscv-none-embed/8.2.0/../../../../riscv-none-embed/lib/rv32imac/ilp32\libg_nano.a(lib_a-findfp.o)
 .text._cleanup_r
                0x0000000000001222        0xa c:/programfiles/mounriver/mounriver_studio/toolchain/risc-v embedded gcc/bin/../lib/gcc/riscv-none-embed/8.2.0/../../../../riscv-none-embed/lib/rv32imac/ilp32\libg_nano.a(lib_a-findfp.o)
                0x0000000000001222                _cleanup_r
 .text.__sfmoreglue
                0x000000000000122c       0x46 c:/programfiles/mounriver/mounriver_studio/toolchain/risc-v embedded gcc/bin/../lib/gcc/riscv-none-embed/8.2.0/../../../../riscv-none-embed/lib/rv32imac/ilp32\libg_nano.a(lib_a-findfp.o)
                0x000000000000122c                __sfmoreglue
 .text.__sinit  0x0000000000001272       0x6a c:/programfiles/mounriver/mounriver_studio/toolchain/risc-v embedded gcc/bin/../lib/gcc/riscv-none-embed/8.2.0/../../../../riscv-none-embed/lib/rv32imac/ilp32\libg_nano.a(lib_a-findfp.o)
                0x0000000000001272                __sinit
 .text.__sfp    0x00000000000012dc       0xa0 c:/programfiles/mounriver/mounriver_studio/toolchain/risc-v embedded gcc/bin/../lib/gcc/riscv-none-embed/8.2.0/../../../../riscv-none-embed/lib/rv32imac/ilp32\libg_nano.a(lib_a-findfp.o)
                0x00000000000012dc                __sfp
 .text._fwalk_reent
                0x000000000000137c       0x6c c:/programfiles/mounriver/mounriver_studio/toolchain/risc-v embedded gcc/bin/../lib/gcc/riscv-none-embed/8.2.0/../../../../riscv-none-embed/lib/rv32imac/ilp32\libg_nano.a(lib_a-fwalk.o)
                0x000000000000137c                _fwalk_reent
 .text.__swhatbuf_r
                0x00000000000013e8       0x5a c:/programfiles/mounriver/mounriver_studio/toolchain/risc-v embedded gcc/bin/../lib/gcc/riscv-none-embed/8.2.0/../../../../riscv-none-embed/lib/rv32imac/ilp32\libg_nano.a(lib_a-makebuf.o)
                0x00000000000013e8                __swhatbuf_r
 .text.__smakebuf_r
                0x0000000000001442       0x9e c:/programfiles/mounriver/mounriver_studio/toolchain/risc-v embedded gcc/bin/../lib/gcc/riscv-none-embed/8.2.0/../../../../riscv-none-embed/lib/rv32imac/ilp32\libg_nano.a(lib_a-makebuf.o)
                0x0000000000001442                __smakebuf_r
 .text._free_r  0x00000000000014e0       0xa8 c:/programfiles/mounriver/mounriver_studio/toolchain/risc-v embedded gcc/bin/../lib/gcc/riscv-none-embed/8.2.0/../../../../riscv-none-embed/lib/rv32imac/ilp32\libg_nano.a(lib_a-nano-freer.o)
                0x00000000000014e0                _free_r
 .text._malloc_r
                0x0000000000001588       0xd8 c:/programfiles/mounriver/mounriver_studio/toolchain/risc-v embedded gcc/bin/../lib/gcc/riscv-none-embed/8.2.0/../../../../riscv-none-embed/lib/rv32imac/ilp32\libg_nano.a(lib_a-nano-mallocr.o)
                0x0000000000001588                _malloc_r
 .text.__sfputc_r
                0x0000000000001660       0x2a c:/programfiles/mounriver/mounriver_studio/toolchain/risc-v embedded gcc/bin/../lib/gcc/riscv-none-embed/8.2.0/../../../../riscv-none-embed/lib/rv32imac/ilp32\libg_nano.a(lib_a-nano-vfprintf.o)
 .text.__sfputs_r
                0x000000000000168a       0x42 c:/programfiles/mounriver/mounriver_studio/toolchain/risc-v embedded gcc/bin/../lib/gcc/riscv-none-embed/8.2.0/../../../../riscv-none-embed/lib/rv32imac/ilp32\libg_nano.a(lib_a-nano-vfprintf.o)
                0x000000000000168a                __sfputs_r
 .text._vfprintf_r
                0x00000000000016cc      0x29a c:/programfiles/mounriver/mounriver_studio/toolchain/risc-v embedded gcc/bin/../lib/gcc/riscv-none-embed/8.2.0/../../../../riscv-none-embed/lib/rv32imac/ilp32\libg_nano.a(lib_a-nano-vfprintf.o)
                0x00000000000016cc                _vfprintf_r
                0x00000000000016cc                _vfiprintf_r
 .text._printf_common
                0x0000000000001966      0x10c c:/programfiles/mounriver/mounriver_studio/toolchain/risc-v embedded gcc/bin/../lib/gcc/riscv-none-embed/8.2.0/../../../../riscv-none-embed/lib/rv32imac/ilp32\libg_nano.a(lib_a-nano-vfprintf_i.o)
                0x0000000000001966                _printf_common
 .text._printf_i
                0x0000000000001a72      0x2a8 c:/programfiles/mounriver/mounriver_studio/toolchain/risc-v embedded gcc/bin/../lib/gcc/riscv-none-embed/8.2.0/../../../../riscv-none-embed/lib/rv32imac/ilp32\libg_nano.a(lib_a-nano-vfprintf_i.o)
                0x0000000000001a72                _printf_i
 .text._putc_r  0x0000000000001d1a       0x86 c:/programfiles/mounriver/mounriver_studio/toolchain/risc-v embedded gcc/bin/../lib/gcc/riscv-none-embed/8.2.0/../../../../riscv-none-embed/lib/rv32imac/ilp32\libg_nano.a(lib_a-putc.o)
                0x0000000000001d1a                _putc_r
 .text._sbrk_r  0x0000000000001da0       0x28 c:/programfiles/mounriver/mounriver_studio/toolchain/risc-v embedded gcc/bin/../lib/gcc/riscv-none-embed/8.2.0/../../../../riscv-none-embed/lib/rv32imac/ilp32\libg_nano.a(lib_a-sbrkr.o)
                0x0000000000001da0                _sbrk_r
 .text.__sread  0x0000000000001dc8       0x30 c:/programfiles/mounriver/mounriver_studio/toolchain/risc-v embedded gcc/bin/../lib/gcc/riscv-none-embed/8.2.0/../../../../riscv-none-embed/lib/rv32imac/ilp32\libg_nano.a(lib_a-stdio.o)
                0x0000000000001dc8                __sread
 .text.__swrite
                0x0000000000001df8       0x4e c:/programfiles/mounriver/mounriver_studio/toolchain/risc-v embedded gcc/bin/../lib/gcc/riscv-none-embed/8.2.0/../../../../riscv-none-embed/lib/rv32imac/ilp32\libg_nano.a(lib_a-stdio.o)
                0x0000000000001df8                __swrite
 .text.__sseek  0x0000000000001e46       0x36 c:/programfiles/mounriver/mounriver_studio/toolchain/risc-v embedded gcc/bin/../lib/gcc/riscv-none-embed/8.2.0/../../../../riscv-none-embed/lib/rv32imac/ilp32\libg_nano.a(lib_a-stdio.o)
                0x0000000000001e46                __sseek
 .text.__sclose
                0x0000000000001e7c        0x6 c:/programfiles/mounriver/mounriver_studio/toolchain/risc-v embedded gcc/bin/../lib/gcc/riscv-none-embed/8.2.0/../../../../riscv-none-embed/lib/rv32imac/ilp32\libg_nano.a(lib_a-stdio.o)
                0x0000000000001e7c                __sclose
 .text._write_r
                0x0000000000001e82       0x2e c:/programfiles/mounriver/mounriver_studio/toolchain/risc-v embedded gcc/bin/../lib/gcc/riscv-none-embed/8.2.0/../../../../riscv-none-embed/lib/rv32imac/ilp32\libg_nano.a(lib_a-writer.o)
                0x0000000000001e82                _write_r
 .text._close_r
                0x0000000000001eb0       0x28 c:/programfiles/mounriver/mounriver_studio/toolchain/risc-v embedded gcc/bin/../lib/gcc/riscv-none-embed/8.2.0/../../../../riscv-none-embed/lib/rv32imac/ilp32\libg_nano.a(lib_a-closer.o)
                0x0000000000001eb0                _close_r
 .text._fstat_r
                0x0000000000001ed8       0x2a c:/programfiles/mounriver/mounriver_studio/toolchain/risc-v embedded gcc/bin/../lib/gcc/riscv-none-embed/8.2.0/../../../../riscv-none-embed/lib/rv32imac/ilp32\libg_nano.a(lib_a-fstatr.o)
                0x0000000000001ed8                _fstat_r
 .text._isatty_r
                0x0000000000001f02       0x28 c:/programfiles/mounriver/mounriver_studio/toolchain/risc-v embedded gcc/bin/../lib/gcc/riscv-none-embed/8.2.0/../../../../riscv-none-embed/lib/rv32imac/ilp32\libg_nano.a(lib_a-isattyr.o)
                0x0000000000001f02                _isatty_r
 .text._lseek_r
                0x0000000000001f2a       0x2c c:/programfiles/mounriver/mounriver_studio/toolchain/risc-v embedded gcc/bin/../lib/gcc/riscv-none-embed/8.2.0/../../../../riscv-none-embed/lib/rv32imac/ilp32\libg_nano.a(lib_a-lseekr.o)
                0x0000000000001f2a                _lseek_r
 .text.memchr   0x0000000000001f56       0x1a c:/programfiles/mounriver/mounriver_studio/toolchain/risc-v embedded gcc/bin/../lib/gcc/riscv-none-embed/8.2.0/../../../../riscv-none-embed/lib/rv32imac/ilp32\libg_nano.a(lib_a-memchr.o)
                0x0000000000001f56                memchr
 .text.__malloc_lock
                0x0000000000001f70        0x2 c:/programfiles/mounriver/mounriver_studio/toolchain/risc-v embedded gcc/bin/../lib/gcc/riscv-none-embed/8.2.0/../../../../riscv-none-embed/lib/rv32imac/ilp32\libg_nano.a(lib_a-mlock.o)
                0x0000000000001f70                __malloc_lock
 .text.__malloc_unlock
                0x0000000000001f72        0x2 c:/programfiles/mounriver/mounriver_studio/toolchain/risc-v embedded gcc/bin/../lib/gcc/riscv-none-embed/8.2.0/../../../../riscv-none-embed/lib/rv32imac/ilp32\libg_nano.a(lib_a-mlock.o)
                0x0000000000001f72                __malloc_unlock
 .text._read_r  0x0000000000001f74       0x2c c:/programfiles/mounriver/mounriver_studio/toolchain/risc-v embedded gcc/bin/../lib/gcc/riscv-none-embed/8.2.0/../../../../riscv-none-embed/lib/rv32imac/ilp32\libg_nano.a(lib_a-readr.o)
                0x0000000000001f74                _read_r
 .text._close   0x0000000000001fa0        0xc c:/programfiles/mounriver/mounriver_studio/toolchain/risc-v embedded gcc/bin/../lib/gcc/riscv-none-embed/8.2.0/../../../../riscv-none-embed/lib/rv32imac/ilp32\libnosys.a(close.o)
                0x0000000000001fa0                _close
 .text._fstat   0x0000000000001fac        0xc c:/programfiles/mounriver/mounriver_studio/toolchain/risc-v embedded gcc/bin/../lib/gcc/riscv-none-embed/8.2.0/../../../../riscv-none-embed/lib/rv32imac/ilp32\libnosys.a(fstat.o)
                0x0000000000001fac                _fstat
 .text._isatty  0x0000000000001fb8        0xc c:/programfiles/mounriver/mounriver_studio/toolchain/risc-v embedded gcc/bin/../lib/gcc/riscv-none-embed/8.2.0/../../../../riscv-none-embed/lib/rv32imac/ilp32\libnosys.a(isatty.o)
                0x0000000000001fb8                _isatty
 .text._lseek   0x0000000000001fc4        0xc c:/programfiles/mounriver/mounriver_studio/toolchain/risc-v embedded gcc/bin/../lib/gcc/riscv-none-embed/8.2.0/../../../../riscv-none-embed/lib/rv32imac/ilp32\libnosys.a(lseek.o)
                0x0000000000001fc4                _lseek
 .text._read    0x0000000000001fd0        0xc c:/programfiles/mounriver/mounriver_studio/toolchain/risc-v embedded gcc/bin/../lib/gcc/riscv-none-embed/8.2.0/../../../../riscv-none-embed/lib/rv32imac/ilp32\libnosys.a(read.o)
                0x0000000000001fd0                _read
 .text._sbrk    0x0000000000001fdc       0x20 c:/programfiles/mounriver/mounriver_studio/toolchain/risc-v embedded gcc/bin/../lib/gcc/riscv-none-embed/8.2.0/../../../../riscv-none-embed/lib/rv32imac/ilp32\libnosys.a(sbrk.o)
                0x0000000000001fdc                _sbrk
 *(.rodata)
 *(.rodata*)
 *fill*         0x0000000000001ffc        0x0 
 .rodata.main.str1.4
                0x0000000000001ffc       0x23 ./src/Main.o
 *fill*         0x000000000000201f        0x1 
 .rodata.str1.4
                0x0000000000002020        0x8 ./src/Main.o
 .rodata.GPIOA_ModeCfg
                0x0000000000002028       0x14 ./StdPeriphDriver/CH57x_gpio.o
 .rodata.GPIOB_ModeCfg
                0x000000000000203c       0x14 ./StdPeriphDriver/CH57x_gpio.o
 .rodata.__sf_fake_stderr
                0x0000000000002050       0x20 c:/programfiles/mounriver/mounriver_studio/toolchain/risc-v embedded gcc/bin/../lib/gcc/riscv-none-embed/8.2.0/../../../../riscv-none-embed/lib/rv32imac/ilp32\libg_nano.a(lib_a-findfp.o)
                0x0000000000002050                __sf_fake_stderr
 .rodata.__sf_fake_stdin
                0x0000000000002070       0x20 c:/programfiles/mounriver/mounriver_studio/toolchain/risc-v embedded gcc/bin/../lib/gcc/riscv-none-embed/8.2.0/../../../../riscv-none-embed/lib/rv32imac/ilp32\libg_nano.a(lib_a-findfp.o)
                0x0000000000002070                __sf_fake_stdin
 .rodata.__sf_fake_stdout
                0x0000000000002090       0x20 c:/programfiles/mounriver/mounriver_studio/toolchain/risc-v embedded gcc/bin/../lib/gcc/riscv-none-embed/8.2.0/../../../../riscv-none-embed/lib/rv32imac/ilp32\libg_nano.a(lib_a-findfp.o)
                0x0000000000002090                __sf_fake_stdout
 .rodata._vfprintf_r.str1.4
                0x00000000000020b0       0x13 c:/programfiles/mounriver/mounriver_studio/toolchain/risc-v embedded gcc/bin/../lib/gcc/riscv-none-embed/8.2.0/../../../../riscv-none-embed/lib/rv32imac/ilp32\libg_nano.a(lib_a-nano-vfprintf.o)
 *fill*         0x00000000000020c3        0x1 
 .rodata._printf_i.str1.4
                0x00000000000020c4       0x28 c:/programfiles/mounriver/mounriver_studio/toolchain/risc-v embedded gcc/bin/../lib/gcc/riscv-none-embed/8.2.0/../../../../riscv-none-embed/lib/rv32imac/ilp32\libg_nano.a(lib_a-nano-vfprintf_i.o)
                                         0x25 (size before relaxing)
 *(.sdata2.*)
 .sdata2._global_impure_ptr
                0x00000000000020ec        0x4 c:/programfiles/mounriver/mounriver_studio/toolchain/risc-v embedded gcc/bin/../lib/gcc/riscv-none-embed/8.2.0/../../../../riscv-none-embed/lib/rv32imac/ilp32\libg_nano.a(lib_a-impure.o)
                0x00000000000020ec                _global_impure_ptr
 *(.glue_7)
 *(.glue_7t)
 *(.gnu.linkonce.t.*)
                0x00000000000020f0                . = ALIGN (0x4)

.rela.dyn       0x00000000000020f0        0x0
 .rela.init     0x00000000000020f0        0x0 ./src/Main.o
 .rela.vector   0x00000000000020f0        0x0 ./src/Main.o
 .rela.handle_reset
                0x00000000000020f0        0x0 ./src/Main.o
 .rela.text._vfprintf_r
                0x00000000000020f0        0x0 ./src/Main.o
 .rela.text._sbrk_r
                0x00000000000020f0        0x0 ./src/Main.o
 .rela.text._write_r
                0x00000000000020f0        0x0 ./src/Main.o
 .rela.text._close_r
                0x00000000000020f0        0x0 ./src/Main.o
 .rela.text._fstat_r
                0x00000000000020f0        0x0 ./src/Main.o
 .rela.text._isatty_r
                0x00000000000020f0        0x0 ./src/Main.o
 .rela.text._lseek_r
                0x00000000000020f0        0x0 ./src/Main.o
 .rela.text._read_r
                0x00000000000020f0        0x0 ./src/Main.o
 .rela.text._close
                0x00000000000020f0        0x0 ./src/Main.o
 .rela.text._fstat
                0x00000000000020f0        0x0 ./src/Main.o
 .rela.text._isatty
                0x00000000000020f0        0x0 ./src/Main.o
 .rela.text._lseek
                0x00000000000020f0        0x0 ./src/Main.o
 .rela.text._read
                0x00000000000020f0        0x0 ./src/Main.o
 .rela.text._sbrk
                0x00000000000020f0        0x0 ./src/Main.o

.fini           0x00000000000020f0        0x0
 *(SORT_NONE(.fini))
                0x00000000000020f0                . = ALIGN (0x4)
                [!provide]                        PROVIDE (_etext = .)
                [!provide]                        PROVIDE (_eitcm = .)

.preinit_array  0x00000000000020f0        0x0
                [!provide]                        PROVIDE (__preinit_array_start = .)
 *(.preinit_array)
                [!provide]                        PROVIDE (__preinit_array_end = .)

.init_array     0x00000000000020f0        0x0
                [!provide]                        PROVIDE (__init_array_start = .)
 *(SORT_BY_INIT_PRIORITY(.init_array.*) SORT_BY_INIT_PRIORITY(.ctors.*))
 *(.init_array EXCLUDE_FILE(*crtend?.o *crtend.o *crtbegin?.o *crtbegin.o) .ctors)
                [!provide]                        PROVIDE (__init_array_end = .)

.fini_array     0x00000000000020f0        0x0
                [!provide]                        PROVIDE (__fini_array_start = .)
 *(SORT_BY_INIT_PRIORITY(.fini_array.*) SORT_BY_INIT_PRIORITY(.dtors.*))
 *(.fini_array EXCLUDE_FILE(*crtend?.o *crtend.o *crtbegin?.o *crtbegin.o) .dtors)
                [!provide]                        PROVIDE (__fini_array_end = .)

.ctors
 *crtbegin.o(.ctors)
 *crtbegin?.o(.ctors)
 *(EXCLUDE_FILE(*crtend?.o *crtend.o) .ctors)
 *(SORT_BY_NAME(.ctors.*))
 *(.ctors)

.dtors
 *crtbegin.o(.dtors)
 *crtbegin?.o(.dtors)
 *(EXCLUDE_FILE(*crtend?.o *crtend.o) .dtors)
 *(SORT_BY_NAME(.dtors.*))
 *(.dtors)

.dalign         0x0000000020003ed8      0x128 load address 0x00000000000020f0
                0x0000000020004000                . = (ORIGIN (RAM) + MAX (0x800, SIZEOF (.highcode)))
 *fill*         0x0000000020003ed8      0x128 

.dlalign        0x00000000000020f0        0x0
                0x00000000000020f0                . = ALIGN (0x4)
                0x00000000000020f0                PROVIDE (_data_lma = .)

.data           0x0000000020004000       0x68 load address 0x00000000000020f0
                0x0000000020004000                . = ALIGN (0x4)
                0x0000000020004000                PROVIDE (_data_vma = .)
 *(.gnu.linkonce.r.*)
 *(.data .data.*)
 .data.impure_data
                0x0000000020004000       0x60 c:/programfiles/mounriver/mounriver_studio/toolchain/risc-v embedded gcc/bin/../lib/gcc/riscv-none-embed/8.2.0/../../../../riscv-none-embed/lib/rv32imac/ilp32\libg_nano.a(lib_a-impure.o)
 *(.gnu.linkonce.d.*)
                0x0000000020004060                . = ALIGN (0x8)
                0x0000000020004860                PROVIDE (__global_pointer$ = (. + 0x800))
 *(.sdata .sdata.*)
 .sdata._impure_ptr
                0x0000000020004060        0x4 c:/programfiles/mounriver/mounriver_studio/toolchain/risc-v embedded gcc/bin/../lib/gcc/riscv-none-embed/8.2.0/../../../../riscv-none-embed/lib/rv32imac/ilp32\libg_nano.a(lib_a-impure.o)
                0x0000000020004060                _impure_ptr
 *(.gnu.linkonce.s.*)
                0x0000000020004068                . = ALIGN (0x8)
 *fill*         0x0000000020004064        0x4 
 *(.srodata.cst16)
 *(.srodata.cst8)
 *(.srodata.cst4)
 *(.srodata.cst2)
 *(.srodata .srodata.*)
                0x0000000020004068                . = ALIGN (0x4)
                0x0000000020004068                PROVIDE (_edata = .)

.bss            0x0000000020004068      0x1a4 load address 0x0000000000002158
                0x0000000020004068                . = ALIGN (0x4)
                0x0000000020004068                PROVIDE (_sbss = .)
 *(.sbss*)
 .sbss.capFlag  0x0000000020004068        0x1 ./src/Main.o
                0x0000000020004068                capFlag
 *fill*         0x0000000020004069        0x3 
 .sbss.__malloc_free_list
                0x000000002000406c        0x4 c:/programfiles/mounriver/mounriver_studio/toolchain/risc-v embedded gcc/bin/../lib/gcc/riscv-none-embed/8.2.0/../../../../riscv-none-embed/lib/rv32imac/ilp32\libg_nano.a(lib_a-nano-mallocr.o)
                0x000000002000406c                __malloc_free_list
 .sbss.__malloc_sbrk_start
                0x0000000020004070        0x4 c:/programfiles/mounriver/mounriver_studio/toolchain/risc-v embedded gcc/bin/../lib/gcc/riscv-none-embed/8.2.0/../../../../riscv-none-embed/lib/rv32imac/ilp32\libg_nano.a(lib_a-nano-mallocr.o)
                0x0000000020004070                __malloc_sbrk_start
 .sbss.heap_end.1518
                0x0000000020004074        0x4 c:/programfiles/mounriver/mounriver_studio/toolchain/risc-v embedded gcc/bin/../lib/gcc/riscv-none-embed/8.2.0/../../../../riscv-none-embed/lib/rv32imac/ilp32\libnosys.a(sbrk.o)
 *(.gnu.linkonce.sb.*)
 *(.bss*)
 .bss.CapBuf    0x0000000020004078      0x190 ./src/Main.o
                0x0000000020004078                CapBuf
 *(.gnu.linkonce.b.*)
 *(COMMON*)
 COMMON         0x0000000020004208        0x4 c:/programfiles/mounriver/mounriver_studio/toolchain/risc-v embedded gcc/bin/../lib/gcc/riscv-none-embed/8.2.0/../../../../riscv-none-embed/lib/rv32imac/ilp32\libg_nano.a(lib_a-reent.o)
                0x0000000020004208                errno
                0x000000002000420c                . = ALIGN (0x4)
                0x000000002000420c                PROVIDE (_ebss = .)
                [!provide]                        PROVIDE (_end = _ebss)
                0x000000002000420c                PROVIDE (end = .)

.stack          0x0000000020008000        0x0
                0x0000000020008000                . = ALIGN (0x4)
                0x0000000020008000                PROVIDE (_eusrstack = .)
OUTPUT(TMR.elf elf32-littleriscv)

.debug_info     0x0000000000000000     0x8cba
 .debug_info    0x0000000000000000     0x138c ./src/Main.o
 .debug_info    0x000000000000138c      0xdae ./StdPeriphDriver/CH57x_gpio.o
 .debug_info    0x000000000000213a     0x1532 ./StdPeriphDriver/CH57x_pwr.o
 .debug_info    0x000000000000366c     0x135e ./StdPeriphDriver/CH57x_sys.o
 .debug_info    0x00000000000049ca      0xd00 ./StdPeriphDriver/CH57x_timer0.o
 .debug_info    0x00000000000056ca      0xda4 ./StdPeriphDriver/CH57x_timer1.o
 .debug_info    0x000000000000646e      0xda4 ./StdPeriphDriver/CH57x_timer2.o
 .debug_info    0x0000000000007212      0xd00 ./StdPeriphDriver/CH57x_timer3.o
 .debug_info    0x0000000000007f12      0xd86 ./StdPeriphDriver/CH57x_uart1.o
 .debug_info    0x0000000000008c98       0x22 ./Startup/startup_CH573.o

.debug_abbrev   0x0000000000000000     0x1879
 .debug_abbrev  0x0000000000000000      0x364 ./src/Main.o
 .debug_abbrev  0x0000000000000364      0x268 ./StdPeriphDriver/CH57x_gpio.o
 .debug_abbrev  0x00000000000005cc      0x369 ./StdPeriphDriver/CH57x_pwr.o
 .debug_abbrev  0x0000000000000935      0x392 ./StdPeriphDriver/CH57x_sys.o
 .debug_abbrev  0x0000000000000cc7      0x235 ./StdPeriphDriver/CH57x_timer0.o
 .debug_abbrev  0x0000000000000efc      0x246 ./StdPeriphDriver/CH57x_timer1.o
 .debug_abbrev  0x0000000000001142      0x246 ./StdPeriphDriver/CH57x_timer2.o
 .debug_abbrev  0x0000000000001388      0x235 ./StdPeriphDriver/CH57x_timer3.o
 .debug_abbrev  0x00000000000015bd      0x2aa ./StdPeriphDriver/CH57x_uart1.o
 .debug_abbrev  0x0000000000001867       0x12 ./Startup/startup_CH573.o

.debug_loc      0x0000000000000000      0xd1c
 .debug_loc     0x0000000000000000       0x3c ./src/Main.o
 .debug_loc     0x000000000000003c      0x361 ./StdPeriphDriver/CH57x_gpio.o
 .debug_loc     0x000000000000039d      0x2f7 ./StdPeriphDriver/CH57x_pwr.o
 .debug_loc     0x0000000000000694      0x28b ./StdPeriphDriver/CH57x_sys.o
 .debug_loc     0x000000000000091f       0x84 ./StdPeriphDriver/CH57x_timer0.o
 .debug_loc     0x00000000000009a3       0x84 ./StdPeriphDriver/CH57x_timer1.o
 .debug_loc     0x0000000000000a27       0x84 ./StdPeriphDriver/CH57x_timer2.o
 .debug_loc     0x0000000000000aab       0x84 ./StdPeriphDriver/CH57x_timer3.o
 .debug_loc     0x0000000000000b2f      0x1ed ./StdPeriphDriver/CH57x_uart1.o

.debug_aranges  0x0000000000000000      0x2e8
 .debug_aranges
                0x0000000000000000       0x40 ./src/Main.o
 .debug_aranges
                0x0000000000000040       0x48 ./StdPeriphDriver/CH57x_gpio.o
 .debug_aranges
                0x0000000000000088       0x60 ./StdPeriphDriver/CH57x_pwr.o
 .debug_aranges
                0x00000000000000e8       0x88 ./StdPeriphDriver/CH57x_sys.o
 .debug_aranges
                0x0000000000000170       0x38 ./StdPeriphDriver/CH57x_timer0.o
 .debug_aranges
                0x00000000000001a8       0x40 ./StdPeriphDriver/CH57x_timer1.o
 .debug_aranges
                0x00000000000001e8       0x40 ./StdPeriphDriver/CH57x_timer2.o
 .debug_aranges
                0x0000000000000228       0x38 ./StdPeriphDriver/CH57x_timer3.o
 .debug_aranges
                0x0000000000000260       0x50 ./StdPeriphDriver/CH57x_uart1.o
 .debug_aranges
                0x00000000000002b0       0x38 ./Startup/startup_CH573.o

.debug_ranges   0x0000000000000000      0x2d8
 .debug_ranges  0x0000000000000000       0x48 ./src/Main.o
 .debug_ranges  0x0000000000000048       0x38 ./StdPeriphDriver/CH57x_gpio.o
 .debug_ranges  0x0000000000000080       0xa8 ./StdPeriphDriver/CH57x_pwr.o
 .debug_ranges  0x0000000000000128       0x90 ./StdPeriphDriver/CH57x_sys.o
 .debug_ranges  0x00000000000001b8       0x28 ./StdPeriphDriver/CH57x_timer0.o
 .debug_ranges  0x00000000000001e0       0x30 ./StdPeriphDriver/CH57x_timer1.o
 .debug_ranges  0x0000000000000210       0x30 ./StdPeriphDriver/CH57x_timer2.o
 .debug_ranges  0x0000000000000240       0x28 ./StdPeriphDriver/CH57x_timer3.o
 .debug_ranges  0x0000000000000268       0x40 ./StdPeriphDriver/CH57x_uart1.o
 .debug_ranges  0x00000000000002a8       0x30 ./Startup/startup_CH573.o

.debug_line     0x0000000000000000     0x4ae0
 .debug_line    0x0000000000000000      0x757 ./src/Main.o
 .debug_line    0x0000000000000757      0x81e ./StdPeriphDriver/CH57x_gpio.o
 .debug_line    0x0000000000000f75     0x1226 ./StdPeriphDriver/CH57x_pwr.o
 .debug_line    0x000000000000219b      0xda9 ./StdPeriphDriver/CH57x_sys.o
 .debug_line    0x0000000000002f44      0x42e ./StdPeriphDriver/CH57x_timer0.o
 .debug_line    0x0000000000003372      0x52a ./StdPeriphDriver/CH57x_timer1.o
 .debug_line    0x000000000000389c      0x52a ./StdPeriphDriver/CH57x_timer2.o
 .debug_line    0x0000000000003dc6      0x42e ./StdPeriphDriver/CH57x_timer3.o
 .debug_line    0x00000000000041f4      0x661 ./StdPeriphDriver/CH57x_uart1.o
 .debug_line    0x0000000000004855      0x28b ./Startup/startup_CH573.o

.debug_str      0x0000000000000000     0x15e2
 .debug_str     0x0000000000000000      0xc29 ./src/Main.o
                                        0xcba (size before relaxing)
 .debug_str     0x0000000000000c29      0x131 ./StdPeriphDriver/CH57x_gpio.o
                                        0x936 (size before relaxing)
 .debug_str     0x0000000000000d5a      0x261 ./StdPeriphDriver/CH57x_pwr.o
                                        0xc17 (size before relaxing)
 .debug_str     0x0000000000000fbb      0x1a8 ./StdPeriphDriver/CH57x_sys.o
                                        0xba0 (size before relaxing)
 .debug_str     0x0000000000001163       0xd7 ./StdPeriphDriver/CH57x_timer0.o
                                        0x8e5 (size before relaxing)
 .debug_str     0x000000000000123a       0xc5 ./StdPeriphDriver/CH57x_timer1.o
                                        0x940 (size before relaxing)
 .debug_str     0x00000000000012ff       0xa3 ./StdPeriphDriver/CH57x_timer2.o
                                        0x940 (size before relaxing)
 .debug_str     0x00000000000013a2       0xa4 ./StdPeriphDriver/CH57x_timer3.o
                                        0x8e5 (size before relaxing)
 .debug_str     0x0000000000001446      0x129 ./StdPeriphDriver/CH57x_uart1.o
                                        0x8db (size before relaxing)
 .debug_str     0x000000000000156f       0x73 ./Startup/startup_CH573.o
                                         0xc6 (size before relaxing)

.comment        0x0000000000000000       0x33
 .comment       0x0000000000000000       0x33 ./src/Main.o
                                         0x34 (size before relaxing)
 .comment       0x0000000000000033       0x34 ./StdPeriphDriver/CH57x_gpio.o
 .comment       0x0000000000000033       0x34 ./StdPeriphDriver/CH57x_pwr.o
 .comment       0x0000000000000033       0x34 ./StdPeriphDriver/CH57x_sys.o
 .comment       0x0000000000000033       0x34 ./StdPeriphDriver/CH57x_timer0.o
 .comment       0x0000000000000033       0x34 ./StdPeriphDriver/CH57x_timer1.o
 .comment       0x0000000000000033       0x34 ./StdPeriphDriver/CH57x_timer2.o
 .comment       0x0000000000000033       0x34 ./StdPeriphDriver/CH57x_timer3.o
 .comment       0x0000000000000033       0x34 ./StdPeriphDriver/CH57x_uart1.o
 .comment       0x0000000000000033       0x34 D:\DATA\Electronic\MCU&MPU&DSP\32bit\«ﬂ∫„WCH\CH573_CH571\CH573EVT\EVT\EXAM\SRC\StdPeriphDriver\libISP573.a(ISP573.o)

.debug_frame    0x0000000000000000      0xee0
 .debug_frame   0x0000000000000000       0x80 ./src/Main.o
 .debug_frame   0x0000000000000080       0x70 ./StdPeriphDriver/CH57x_gpio.o
 .debug_frame   0x00000000000000f0      0x110 ./StdPeriphDriver/CH57x_pwr.o
 .debug_frame   0x0000000000000200      0x114 ./StdPeriphDriver/CH57x_sys.o
 .debug_frame   0x0000000000000314       0x50 ./StdPeriphDriver/CH57x_timer0.o
 .debug_frame   0x0000000000000364       0x60 ./StdPeriphDriver/CH57x_timer1.o
 .debug_frame   0x00000000000003c4       0x60 ./StdPeriphDriver/CH57x_timer2.o
 .debug_frame   0x0000000000000424       0x50 ./StdPeriphDriver/CH57x_timer3.o
 .debug_frame   0x0000000000000474       0x9c ./StdPeriphDriver/CH57x_uart1.o
 .debug_frame   0x0000000000000510       0x54 c:/programfiles/mounriver/mounriver_studio/toolchain/risc-v embedded gcc/bin/../lib/gcc/riscv-none-embed/8.2.0/../../../../riscv-none-embed/lib/rv32imac/ilp32\libg_nano.a(lib_a-printf.o)
 .debug_frame   0x0000000000000564       0x50 c:/programfiles/mounriver/mounriver_studio/toolchain/risc-v embedded gcc/bin/../lib/gcc/riscv-none-embed/8.2.0/../../../../riscv-none-embed/lib/rv32imac/ilp32\libg_nano.a(lib_a-putchar.o)
 .debug_frame   0x00000000000005b4       0x54 c:/programfiles/mounriver/mounriver_studio/toolchain/risc-v embedded gcc/bin/../lib/gcc/riscv-none-embed/8.2.0/../../../../riscv-none-embed/lib/rv32imac/ilp32\libg_nano.a(lib_a-puts.o)
 .debug_frame   0x0000000000000608       0x50 c:/programfiles/mounriver/mounriver_studio/toolchain/risc-v embedded gcc/bin/../lib/gcc/riscv-none-embed/8.2.0/../../../../riscv-none-embed/lib/rv32imac/ilp32\libg_nano.a(lib_a-wbuf.o)
 .debug_frame   0x0000000000000658       0x3c c:/programfiles/mounriver/mounriver_studio/toolchain/risc-v embedded gcc/bin/../lib/gcc/riscv-none-embed/8.2.0/../../../../riscv-none-embed/lib/rv32imac/ilp32\libg_nano.a(lib_a-wsetup.o)
 .debug_frame   0x0000000000000694       0x7c c:/programfiles/mounriver/mounriver_studio/toolchain/risc-v embedded gcc/bin/../lib/gcc/riscv-none-embed/8.2.0/../../../../riscv-none-embed/lib/rv32imac/ilp32\libg_nano.a(lib_a-fflush.o)
 .debug_frame   0x0000000000000710      0x148 c:/programfiles/mounriver/mounriver_studio/toolchain/risc-v embedded gcc/bin/../lib/gcc/riscv-none-embed/8.2.0/../../../../riscv-none-embed/lib/rv32imac/ilp32\libg_nano.a(lib_a-findfp.o)
 .debug_frame   0x0000000000000858       0x88 c:/programfiles/mounriver/mounriver_studio/toolchain/risc-v embedded gcc/bin/../lib/gcc/riscv-none-embed/8.2.0/../../../../riscv-none-embed/lib/rv32imac/ilp32\libg_nano.a(lib_a-fwalk.o)
 .debug_frame   0x00000000000008e0       0x64 c:/programfiles/mounriver/mounriver_studio/toolchain/risc-v embedded gcc/bin/../lib/gcc/riscv-none-embed/8.2.0/../../../../riscv-none-embed/lib/rv32imac/ilp32\libg_nano.a(lib_a-makebuf.o)
 .debug_frame   0x0000000000000944       0x40 c:/programfiles/mounriver/mounriver_studio/toolchain/risc-v embedded gcc/bin/../lib/gcc/riscv-none-embed/8.2.0/../../../../riscv-none-embed/lib/rv32imac/ilp32\libg_nano.a(lib_a-nano-freer.o)
 .debug_frame   0x0000000000000984       0x40 c:/programfiles/mounriver/mounriver_studio/toolchain/risc-v embedded gcc/bin/../lib/gcc/riscv-none-embed/8.2.0/../../../../riscv-none-embed/lib/rv32imac/ilp32\libg_nano.a(lib_a-nano-mallocr.o)
 .debug_frame   0x00000000000009c4       0xd0 c:/programfiles/mounriver/mounriver_studio/toolchain/risc-v embedded gcc/bin/../lib/gcc/riscv-none-embed/8.2.0/../../../../riscv-none-embed/lib/rv32imac/ilp32\libg_nano.a(lib_a-nano-vfprintf.o)
 .debug_frame   0x0000000000000a94       0x8c c:/programfiles/mounriver/mounriver_studio/toolchain/risc-v embedded gcc/bin/../lib/gcc/riscv-none-embed/8.2.0/../../../../riscv-none-embed/lib/rv32imac/ilp32\libg_nano.a(lib_a-nano-vfprintf_i.o)
 .debug_frame   0x0000000000000b20       0x4c c:/programfiles/mounriver/mounriver_studio/toolchain/risc-v embedded gcc/bin/../lib/gcc/riscv-none-embed/8.2.0/../../../../riscv-none-embed/lib/rv32imac/ilp32\libg_nano.a(lib_a-putc.o)
 .debug_frame   0x0000000000000b6c       0x30 c:/programfiles/mounriver/mounriver_studio/toolchain/risc-v embedded gcc/bin/../lib/gcc/riscv-none-embed/8.2.0/../../../../riscv-none-embed/lib/rv32imac/ilp32\libg_nano.a(lib_a-sbrkr.o)
 .debug_frame   0x0000000000000b9c       0xa4 c:/programfiles/mounriver/mounriver_studio/toolchain/risc-v embedded gcc/bin/../lib/gcc/riscv-none-embed/8.2.0/../../../../riscv-none-embed/lib/rv32imac/ilp32\libg_nano.a(lib_a-stdio.o)
 .debug_frame   0x0000000000000c40       0x30 c:/programfiles/mounriver/mounriver_studio/toolchain/risc-v embedded gcc/bin/../lib/gcc/riscv-none-embed/8.2.0/../../../../riscv-none-embed/lib/rv32imac/ilp32\libg_nano.a(lib_a-writer.o)
 .debug_frame   0x0000000000000c70       0x30 c:/programfiles/mounriver/mounriver_studio/toolchain/risc-v embedded gcc/bin/../lib/gcc/riscv-none-embed/8.2.0/../../../../riscv-none-embed/lib/rv32imac/ilp32\libg_nano.a(lib_a-closer.o)
 .debug_frame   0x0000000000000ca0       0x30 c:/programfiles/mounriver/mounriver_studio/toolchain/risc-v embedded gcc/bin/../lib/gcc/riscv-none-embed/8.2.0/../../../../riscv-none-embed/lib/rv32imac/ilp32\libg_nano.a(lib_a-fstatr.o)
 .debug_frame   0x0000000000000cd0       0x30 c:/programfiles/mounriver/mounriver_studio/toolchain/risc-v embedded gcc/bin/../lib/gcc/riscv-none-embed/8.2.0/../../../../riscv-none-embed/lib/rv32imac/ilp32\libg_nano.a(lib_a-isattyr.o)
 .debug_frame   0x0000000000000d00       0x30 c:/programfiles/mounriver/mounriver_studio/toolchain/risc-v embedded gcc/bin/../lib/gcc/riscv-none-embed/8.2.0/../../../../riscv-none-embed/lib/rv32imac/ilp32\libg_nano.a(lib_a-lseekr.o)
 .debug_frame   0x0000000000000d30       0x20 c:/programfiles/mounriver/mounriver_studio/toolchain/risc-v embedded gcc/bin/../lib/gcc/riscv-none-embed/8.2.0/../../../../riscv-none-embed/lib/rv32imac/ilp32\libg_nano.a(lib_a-memchr.o)
 .debug_frame   0x0000000000000d50       0x30 c:/programfiles/mounriver/mounriver_studio/toolchain/risc-v embedded gcc/bin/../lib/gcc/riscv-none-embed/8.2.0/../../../../riscv-none-embed/lib/rv32imac/ilp32\libg_nano.a(lib_a-mlock.o)
 .debug_frame   0x0000000000000d80       0x30 c:/programfiles/mounriver/mounriver_studio/toolchain/risc-v embedded gcc/bin/../lib/gcc/riscv-none-embed/8.2.0/../../../../riscv-none-embed/lib/rv32imac/ilp32\libg_nano.a(lib_a-readr.o)
 .debug_frame   0x0000000000000db0       0x70 c:/programfiles/mounriver/mounriver_studio/toolchain/risc-v embedded gcc/bin/../lib/gcc/riscv-none-embed/8.2.0/../../../../riscv-none-embed/lib/rv32imac/ilp32\libg_nano.a(lib_a-reent.o)
 .debug_frame   0x0000000000000e20       0x20 c:/programfiles/mounriver/mounriver_studio/toolchain/risc-v embedded gcc/bin/../lib/gcc/riscv-none-embed/8.2.0/../../../../riscv-none-embed/lib/rv32imac/ilp32\libnosys.a(close.o)
 .debug_frame   0x0000000000000e40       0x20 c:/programfiles/mounriver/mounriver_studio/toolchain/risc-v embedded gcc/bin/../lib/gcc/riscv-none-embed/8.2.0/../../../../riscv-none-embed/lib/rv32imac/ilp32\libnosys.a(fstat.o)
 .debug_frame   0x0000000000000e60       0x20 c:/programfiles/mounriver/mounriver_studio/toolchain/risc-v embedded gcc/bin/../lib/gcc/riscv-none-embed/8.2.0/../../../../riscv-none-embed/lib/rv32imac/ilp32\libnosys.a(isatty.o)
 .debug_frame   0x0000000000000e80       0x20 c:/programfiles/mounriver/mounriver_studio/toolchain/risc-v embedded gcc/bin/../lib/gcc/riscv-none-embed/8.2.0/../../../../riscv-none-embed/lib/rv32imac/ilp32\libnosys.a(lseek.o)
 .debug_frame   0x0000000000000ea0       0x20 c:/programfiles/mounriver/mounriver_studio/toolchain/risc-v embedded gcc/bin/../lib/gcc/riscv-none-embed/8.2.0/../../../../riscv-none-embed/lib/rv32imac/ilp32\libnosys.a(read.o)
 .debug_frame   0x0000000000000ec0       0x20 c:/programfiles/mounriver/mounriver_studio/toolchain/risc-v embedded gcc/bin/../lib/gcc/riscv-none-embed/8.2.0/../../../../riscv-none-embed/lib/rv32imac/ilp32\libnosys.a(sbrk.o)

.stab           0x0000000000000000       0x84
 .stab          0x0000000000000000       0x24 c:/programfiles/mounriver/mounriver_studio/toolchain/risc-v embedded gcc/bin/../lib/gcc/riscv-none-embed/8.2.0/../../../../riscv-none-embed/lib/rv32imac/ilp32\libnosys.a(close.o)
 .stab          0x0000000000000024       0x18 c:/programfiles/mounriver/mounriver_studio/toolchain/risc-v embedded gcc/bin/../lib/gcc/riscv-none-embed/8.2.0/../../../../riscv-none-embed/lib/rv32imac/ilp32\libnosys.a(fstat.o)
                                         0x24 (size before relaxing)
 .stab          0x000000000000003c       0x18 c:/programfiles/mounriver/mounriver_studio/toolchain/risc-v embedded gcc/bin/../lib/gcc/riscv-none-embed/8.2.0/../../../../riscv-none-embed/lib/rv32imac/ilp32\libnosys.a(isatty.o)
                                         0x24 (size before relaxing)
 .stab          0x0000000000000054       0x18 c:/programfiles/mounriver/mounriver_studio/toolchain/risc-v embedded gcc/bin/../lib/gcc/riscv-none-embed/8.2.0/../../../../riscv-none-embed/lib/rv32imac/ilp32\libnosys.a(lseek.o)
                                         0x24 (size before relaxing)
 .stab          0x000000000000006c       0x18 c:/programfiles/mounriver/mounriver_studio/toolchain/risc-v embedded gcc/bin/../lib/gcc/riscv-none-embed/8.2.0/../../../../riscv-none-embed/lib/rv32imac/ilp32\libnosys.a(read.o)
                                         0x24 (size before relaxing)

.stabstr        0x0000000000000000      0x117
 .stabstr       0x0000000000000000      0x117 c:/programfiles/mounriver/mounriver_studio/toolchain/risc-v embedded gcc/bin/../lib/gcc/riscv-none-embed/8.2.0/../../../../riscv-none-embed/lib/rv32imac/ilp32\libnosys.a(close.o)
